#
# A fatal error has been detected by the Java Runtime Environment:
#
#  SIGSEGV (0xb) at pc=0x000074fcd506dbc0, pid=5638, tid=5647
#
# JRE version: OpenJDK Runtime Environment Temurin-17.0.13+11 (17.0.13+11) (build 17.0.13+11)
# Java VM: OpenJDK 64-Bit Server VM Temurin-17.0.13+11 (17.0.13+11, mixed mode, tiered, compressed oops, compressed class ptrs, parallel gc, linux-amd64)
# Problematic frame:
# V  [libjvm.so+0xc6dbc0]  NodeHash::hash_find_insert(Node*)+0x80
#
# Core dump will be written. Default location: Core dumps may be processed with "/usr/share/apport/apport -p%p -s%s -c%c -d%d -P%P -u%u -g%g -- %E" (or dumping to /home/gedeon-tiga/Documents/App/inf4057/core.5638)
#
# If you would like to submit a bug report, please visit:
#   https://github.com/adoptium/adoptium-support/issues
#

---------------  S U M M A R Y ------------

Command Line: --add-modules=ALL-SYSTEM --add-opens=java.base/java.util=ALL-UNNAMED --add-opens=java.base/java.lang=ALL-UNNAMED --add-opens=java.base/sun.nio.fs=ALL-UNNAMED -Declipse.application=org.eclipse.jdt.ls.core.id1 -Dosgi.bundles.defaultStartLevel=4 -Declipse.product=org.eclipse.jdt.ls.core.product -Djava.import.generatesMetadataFilesAtProjectRoot=false -DDetectVMInstallationsJob.disabled=true -Dfile.encoding=utf8 -XX:+UseParallelGC -XX:GCTimeRatio=4 -XX:AdaptiveSizePolicyWeight=90 -Dsun.zip.disableMemoryMapping=true -Xmx1G -Xms100m -Xlog:disable -javaagent:/home/gedeon-tiga/.vscode/extensions/redhat.java-1.37.0-linux-x64/lombok/lombok-1.18.34.jar -XX:+HeapDumpOnOutOfMemoryError -XX:HeapDumpPath=/home/gedeon-tiga/.config/Code/User/workspaceStorage/0859c5524a019be9464bc1f04bf7847b/redhat.java -Daether.dependencyCollector.impl=bf /home/gedeon-tiga/.vscode/extensions/redhat.java-1.37.0-linux-x64/server/plugins/org.eclipse.equinox.launcher_1.6.900.v20240613-2009.jar -configuration /home/gedeon-tiga/.config/Code/User/globalStorage/redhat.java/1.37.0/config_linux -data /home/gedeon-tiga/.config/Code/User/workspaceStorage/0859c5524a019be9464bc1f04bf7847b/redhat.java/jdt_ws --pipe=/run/user/1000/lsp-e5c39c6b6b07d25562fb74ac895385d1.sock

Host: Intel(R) Core(TM) i7-6600U CPU @ 2.60GHz, 4 cores, 7G, Ubuntu 24.04.1 LTS
Time: Sat Dec  7 03:01:13 2024 WAT elapsed time: 50.561989 seconds (0d 0h 0m 50s)

---------------  T H R E A D  ---------------

Current thread (0x000074fcd0196400):  JavaThread "C2 CompilerThread0" daemon [_thread_in_native, id=5647, stack(0x000074fcbc100000,0x000074fcbc200000)]


Current CompileTask:
C2:  50562 15053       4       org.eclipse.jdt.internal.compiler.lookup.SplitPackageBinding::getPackage0 (109 bytes)

Stack: [0x000074fcbc100000,0x000074fcbc200000],  sp=0x000074fcbc1fa8d0,  free space=1002k
Native frames: (J=compiled Java code, j=interpreted, Vv=VM code, C=native code)
V  [libjvm.so+0xc6dbc0]  NodeHash::hash_find_insert(Node*)+0x80
V  [libjvm.so+0xc72c1f]  PhaseGVN::transform_no_reclaim(Node*)+0x16f
V  [libjvm.so+0xc63006]  Parse::do_put_xxx(Node*, ciField*, bool)+0x56
V  [libjvm.so+0xc6348b]  Parse::do_field_access(bool, bool)+0x24b
V  [libjvm.so+0xc4f7be]  Parse::do_one_block()+0x1ce
V  [libjvm.so+0xc4fc25]  Parse::do_all_blocks()+0xe5
V  [libjvm.so+0xc530bc]  Parse::Parse(JVMState*, ciMethod*, float)+0x79c
V  [libjvm.so+0x5155fb]  ParseGenerator::generate(JVMState*)+0x8b
V  [libjvm.so+0x69ad58]  Parse::do_call()+0x1e8
V  [libjvm.so+0xc4f7be]  Parse::do_one_block()+0x1ce
V  [libjvm.so+0xc4fc25]  Parse::do_all_blocks()+0xe5
V  [libjvm.so+0xc530bc]  Parse::Parse(JVMState*, ciMethod*, float)+0x79c
V  [libjvm.so+0x5155fb]  ParseGenerator::generate(JVMState*)+0x8b
V  [libjvm.so+0x69ad58]  Parse::do_call()+0x1e8
V  [libjvm.so+0xc4f7be]  Parse::do_one_block()+0x1ce
V  [libjvm.so+0xc4fc25]  Parse::do_all_blocks()+0xe5
V  [libjvm.so+0xc530bc]  Parse::Parse(JVMState*, ciMethod*, float)+0x79c
V  [libjvm.so+0x5155fb]  ParseGenerator::generate(JVMState*)+0x8b
V  [libjvm.so+0x5170f9]  PredictedCallGenerator::generate(JVMState*)+0x2f9
V  [libjvm.so+0x69ad58]  Parse::do_call()+0x1e8
V  [libjvm.so+0xc4f7be]  Parse::do_one_block()+0x1ce
V  [libjvm.so+0xc4fc25]  Parse::do_all_blocks()+0xe5
V  [libjvm.so+0xc530bc]  Parse::Parse(JVMState*, ciMethod*, float)+0x79c
V  [libjvm.so+0x5155fb]  ParseGenerator::generate(JVMState*)+0x8b
V  [libjvm.so+0x5170f9]  PredictedCallGenerator::generate(JVMState*)+0x2f9
V  [libjvm.so+0x69ad58]  Parse::do_call()+0x1e8
V  [libjvm.so+0xc4f7be]  Parse::do_one_block()+0x1ce
V  [libjvm.so+0xc4fc25]  Parse::do_all_blocks()+0xe5
V  [libjvm.so+0xc530bc]  Parse::Parse(JVMState*, ciMethod*, float)+0x79c
V  [libjvm.so+0x5155fb]  ParseGenerator::generate(JVMState*)+0x8b
V  [libjvm.so+0x5170f9]  PredictedCallGenerator::generate(JVMState*)+0x2f9
V  [libjvm.so+0x5170f9]  PredictedCallGenerator::generate(JVMState*)+0x2f9
V  [libjvm.so+0x517016]  PredictedCallGenerator::generate(JVMState*)+0x216
V  [libjvm.so+0x69ad58]  Parse::do_call()+0x1e8
V  [libjvm.so+0xc4f7be]  Parse::do_one_block()+0x1ce
V  [libjvm.so+0xc4fc25]  Parse::do_all_blocks()+0xe5
V  [libjvm.so+0xc530bc]  Parse::Parse(JVMState*, ciMethod*, float)+0x79c
V  [libjvm.so+0x5155fb]  ParseGenerator::generate(JVMState*)+0x8b
V  [libjvm.so+0x5170f9]  PredictedCallGenerator::generate(JVMState*)+0x2f9
V  [libjvm.so+0x5170f9]  PredictedCallGenerator::generate(JVMState*)+0x2f9
V  [libjvm.so+0x69ad58]  Parse::do_call()+0x1e8
V  [libjvm.so+0xc4f7be]  Parse::do_one_block()+0x1ce
V  [libjvm.so+0xc4fc25]  Parse::do_all_blocks()+0xe5
V  [libjvm.so+0xc530bc]  Parse::Parse(JVMState*, ciMethod*, float)+0x79c
V  [libjvm.so+0x5155fb]  ParseGenerator::generate(JVMState*)+0x8b
V  [libjvm.so+0x5170f9]  PredictedCallGenerator::generate(JVMState*)+0x2f9
V  [libjvm.so+0x69ad58]  Parse::do_call()+0x1e8
V  [libjvm.so+0xc4f7be]  Parse::do_one_block()+0x1ce
V  [libjvm.so+0xc4fc25]  Parse::do_all_blocks()+0xe5
V  [libjvm.so+0xc530bc]  Parse::Parse(JVMState*, ciMethod*, float)+0x79c
V  [libjvm.so+0x5155fb]  ParseGenerator::generate(JVMState*)+0x8b
V  [libjvm.so+0x69ad58]  Parse::do_call()+0x1e8
V  [libjvm.so+0xc4f7be]  Parse::do_one_block()+0x1ce
V  [libjvm.so+0xc4fc25]  Parse::do_all_blocks()+0xe5
V  [libjvm.so+0xc530bc]  Parse::Parse(JVMState*, ciMethod*, float)+0x79c
V  [libjvm.so+0x5155fb]  ParseGenerator::generate(JVMState*)+0x8b
V  [libjvm.so+0x69ad58]  Parse::do_call()+0x1e8
V  [libjvm.so+0xc4f7be]  Parse::do_one_block()+0x1ce
V  [libjvm.so+0xc4fc25]  Parse::do_all_blocks()+0xe5
V  [libjvm.so+0xc530bc]  Parse::Parse(JVMState*, ciMethod*, float)+0x79c
V  [libjvm.so+0x5155fb]  ParseGenerator::generate(JVMState*)+0x8b
V  [libjvm.so+0x5d49f5]  Compile::Compile(ciEnv*, ciMethod*, int, bool, bool, bool, bool, bool, DirectiveSet*)+0xcb5
V  [libjvm.so+0x514339]  C2Compiler::compile_method(ciEnv*, ciMethod*, int, bool, DirectiveSet*)+0xe9
V  [libjvm.so+0x5ddb93]  CompileBroker::invoke_compiler_on_method(CompileTask*)+0xea3
V  [libjvm.so+0x5dea78]  CompileBroker::compiler_thread_loop()+0x6a8
V  [libjvm.so+0xe680a6]  JavaThread::thread_main_inner()+0x196
V  [libjvm.so+0xe6ba0a]  Thread::call_run()+0xaa
V  [libjvm.so+0xc28b43]  thread_native_entry(Thread*)+0xe3
C  [libc.so.6+0x9ca94]


siginfo: si_signo: 11 (SIGSEGV), si_code: 1 (SEGV_MAPERR), si_addr: 0x0000000000000019

Registers:
RAX=0x0000000000000004, RBX=0x0000000000000773, RCX=0x0000000000000004, RDX=0x0000000000000000
RSP=0x000074fcbc1fa8d0, RBP=0x000074fcbc1fa920, RSI=0x000074fc203bd430, RDI=0x000074fc203bd3d8
R8 =0x0000000000000019, R9 =0x000074fc882a64e0, R10=0x000074fc8069a280, R11=0x000074fcd4925be0
R12=0x0000000000000001, R13=0x0000000000000773, R14=0x0000000000000000, R15=0x000074fcbc1fddc8
RIP=0x000074fcd506dbc0, EFLAGS=0x0000000000010212, CSGSFS=0x002b000000000033, ERR=0x0000000000000004
  TRAPNO=0x000000000000000e


Register to memory mapping:

RAX=0x0000000000000004 is an unknown value
RBX=0x0000000000000773 is an unknown value
RCX=0x0000000000000004 is an unknown value
RDX=0x0 is NULL
RSP=0x000074fcbc1fa8d0 is pointing into the stack for thread: 0x000074fcd0196400
RBP=0x000074fcbc1fa920 is pointing into the stack for thread: 0x000074fcd0196400
RSI=0x000074fc203bd430 points into unknown readable memory: 0x1ecc1de201cd0300 | 00 03 cd 01 e2 1d cc 1e
RDI=0x000074fc203bd3d8 points into unknown readable memory: 0x000074fcd569e230 | 30 e2 69 d5 fc 74 00 00
R8 =0x0000000000000019 is an unknown value
R9 =0x000074fc882a64e0 points into unknown readable memory: 0x0000000200000002 | 02 00 00 00 02 00 00 00
R10=0x000074fc8069a280 points into unknown readable memory: 0x000074fcd56a22b8 | b8 22 6a d5 fc 74 00 00
R11=0x000074fcd4925be0: <offset 0x0000000000525be0> in /home/gedeon-tiga/.vscode/extensions/redhat.java-1.37.0-linux-x64/jre/17.0.13-linux-x86_64/lib/server/libjvm.so at 0x000074fcd4400000
R12=0x0000000000000001 is an unknown value
R13=0x0000000000000773 is an unknown value
R14=0x0 is NULL
R15=0x000074fcbc1fddc8 is pointing into the stack for thread: 0x000074fcd0196400


Top of Stack: (sp=0x000074fcbc1fa8d0)
0x000074fcbc1fa8d0:   000074fc8801abf8 000074fc203bd3d8
0x000074fcbc1fa8e0:   0000000000000004 000074fc00000019
0x000074fcbc1fa8f0:   000074fcbc1fa920 000000000001dc60
0x000074fcbc1fa900:   000074fc223cd0d8 000074fc203bd3d8
0x000074fcbc1fa910:   000074fcbc1fd440 000074fc203bd3d8
0x000074fcbc1fa920:   000074fcbc1fa960 000074fcd5072c1f
0x000074fcbc1fa930:   000074fcbc1fa960 000074fc2077bab0
0x000074fcbc1fa940:   000074fc210606e0 000074fcbc1fab20
0x000074fcbc1fa950:   0000000000000014 000074fc21f42458
0x000074fcbc1fa960:   000074fcbc1fa9c0 000074fcd5063006
0x000074fcbc1fa970:   000074fcbc1fa9a0 000074fcd494fcd9
0x000074fcbc1fa980:   000074fcbc1fe940 0000000000000001
0x000074fcbc1fa990:   000074fcbc1fab20 0000000000000000
0x000074fcbc1fa9a0:   000074fcbc1fab20 000074fc210606e0
0x000074fcbc1fa9b0:   000074fc2077bab0 000074fc88d8c710
0x000074fcbc1fa9c0:   000074fcbc1faa10 000074fcd506348b
0x000074fcbc1fa9d0:   000074fcbc1faa10 010074fc2077dea8
0x000074fcbc1fa9e0:   0000004cbc1fd2d0 000074fcbc1fac28
0x000074fcbc1fa9f0:   000074fcbc1fab20 0000000000000000
0x000074fcbc1faa00:   000074fcd5393dfa 0000000000000010
0x000074fcbc1faa10:   000074fcbc1faa60 000074fcd504f7be
0x000074fcbc1faa20:   0000000000000001 000074fc205134a0
0x000074fcbc1faa30:   000074fcbc1fab20 000074fc205134a0
0x000074fcbc1faa40:   0000000000000000 0000000000000000
0x000074fcbc1faa50:   0000000000000000 000074fcbc1fab20
0x000074fcbc1faa60:   000074fcbc1faac0 000074fcd504fc25
0x000074fcbc1faa70:   0000000000000002 000074fc205134a0
0x000074fcbc1faa80:   000074fc205134a0 0000000000000000
0x000074fcbc1faa90:   0000000000000000 000074fcbc1fab20
0x000074fcbc1faaa0:   000074fc205134a0 0000000000000000
0x000074fcbc1faab0:   0000000000000000 000074fc2077d850
0x000074fcbc1faac0:   000074fcbc1fab10 000074fcd50530bc 

Instructions: (pc=0x000074fcd506dbc0)
0x000074fcd506dac0:   ee 01 21 f0 89 c2 41 89 c1 48 8d 0c d7 41 83 c9
0x000074fcd506dad0:   01 48 8b 11 48 85 d2 74 1f 4d 8b 44 24 20 eb 13
0x000074fcd506dae0:   44 01 c8 21 f0 89 c2 48 8d 0c d7 48 8b 11 48 85
0x000074fcd506daf0:   d2 74 05 49 39 d0 75 e8 4c 89 31 49 39 dd 75 80
0x000074fcd506db00:   48 83 c4 18 5b 41 5c 41 5d 41 5e 41 5f 5d c3 90
0x000074fcd506db10:   4c 89 e7 89 45 cc e8 c5 fe ff ff 8b 45 cc eb 95
0x000074fcd506db20:   48 89 df 31 d2 4c 89 f6 e8 a3 23 76 ff 48 89 c7
0x000074fcd506db30:   e9 14 ff ff ff 90 66 2e 0f 1f 84 00 00 00 00 00
0x000074fcd506db40:   55 48 89 e5 41 57 49 89 ff 48 89 f7 41 56 41 55
0x000074fcd506db50:   41 54 53 48 83 ec 28 48 8b 06 48 89 75 b8 ff 50
0x000074fcd506db60:   58 85 c0 0f 84 13 01 00 00 41 8b 4f 08 8d 59 ff
0x000074fcd506db70:   21 c3 49 8b 47 18 89 da 41 89 dd 48 8d 04 d0 41
0x000074fcd506db80:   83 cd 01 4c 8b 20 4d 85 e4 0f 84 02 01 00 00 48
0x000074fcd506db90:   8b 4d b8 4d 39 67 20 ba 00 00 00 00 0f 44 d3 48
0x000074fcd506dba0:   8b 01 48 89 cf 41 89 d6 ff 10 48 8b 4d b8 89 45
0x000074fcd506dbb0:   c8 8b 41 18 48 89 45 c0 48 89 c1 0f 1f 44 00 00
0x000074fcd506dbc0:   41 3b 4c 24 18 74 32 41 8b 47 08 44 01 eb 49 8b
0x000074fcd506dbd0:   77 18 83 e8 01 21 c3 89 d8 48 8d 04 c6 4c 8b 20
0x000074fcd506dbe0:   4d 85 e4 74 73 45 85 f6 75 d6 4d 39 67 20 44 0f
0x000074fcd506dbf0:   44 f3 41 3b 4c 24 18 75 ce 49 8b 04 24 89 4d cc
0x000074fcd506dc00:   4c 89 e7 ff 10 3b 45 c8 8b 4d cc 75 ba 85 c9 74
0x000074fcd506dc10:   23 48 8b 45 b8 49 8b 74 24 08 48 8b 78 08 31 c0
0x000074fcd506dc20:   48 8b 14 c7 48 39 14 c6 75 9d 48 83 c0 01 48 39
0x000074fcd506dc30:   45 c0 75 ec 48 8b 7d b8 89 4d cc 4c 89 e6 48 8b
0x000074fcd506dc40:   07 ff 50 60 8b 4d cc 84 c0 0f 84 78 ff ff ff eb
0x000074fcd506dc50:   2e 0f 1f 80 00 00 00 00 45 85 f6 74 07 44 89 f2
0x000074fcd506dc60:   48 8d 04 d6 48 8b 55 b8 48 89 10 41 8b 47 0c 83
0x000074fcd506dc70:   c0 01 41 89 47 0c 41 3b 47 10 74 34 45 31 e4 48
0x000074fcd506dc80:   83 c4 28 4c 89 e0 5b 41 5c 41 5d 41 5e 41 5f 5d
0x000074fcd506dc90:   c3 48 8b 4d b8 48 89 08 41 8b 47 0c 83 c0 01 41
0x000074fcd506dca0:   89 47 0c 41 39 47 10 75 d3 0f 1f 80 00 00 00 00
0x000074fcd506dcb0:   4c 89 ff 45 31 e4 e8 25 fd ff ff eb c2 90 66 90 


Stack slot to memory mapping:
stack at sp + 0 slots: 0x000074fc8801abf8 points into unknown readable memory: 0x000074fcd5621230 | 30 12 62 d5 fc 74 00 00
stack at sp + 1 slots: 0x000074fc203bd3d8 points into unknown readable memory: 0x000074fcd569e230 | 30 e2 69 d5 fc 74 00 00
stack at sp + 2 slots: 0x0000000000000004 is an unknown value
stack at sp + 3 slots: 0x000074fc00000019 points into unknown readable memory: 12 00 04 00 00 02 a3
stack at sp + 4 slots: 0x000074fcbc1fa920 is pointing into the stack for thread: 0x000074fcd0196400
stack at sp + 5 slots: 0x000000000001dc60 is an unknown value
stack at sp + 6 slots: 0x000074fc223cd0d8 points into unknown readable memory: 0x000074fcd56218d8 | d8 18 62 d5 fc 74 00 00
stack at sp + 7 slots: 0x000074fc203bd3d8 points into unknown readable memory: 0x000074fcd569e230 | 30 e2 69 d5 fc 74 00 00


---------------  P R O C E S S  ---------------

Threads class SMR info:
_java_thread_list=0x000074fc1c0f6910, length=35, elements={
0x000074fcd002c2d0, 0x000074fcd0167820, 0x000074fcd0168da0, 0x000074fcd0190520,
0x000074fcd0193d30, 0x000074fcd0194da0, 0x000074fcd0196400, 0x000074fcd0197910,
0x000074fcd0198d60, 0x000074fcd02179d0, 0x000074fcd03043f0, 0x000074fcd04a3fe0,
0x000074fcd0518ee0, 0x000074fc44019120, 0x000074fcd051b380, 0x000074fc38332000,
0x000074fc384968d0, 0x000074fc383dd4b0, 0x000074fc803a9ad0, 0x000074fc381c1380,
0x000074fc381cc1a0, 0x000074fc14000ff0, 0x000074fc3894d0e0, 0x000074fcd0390180,
0x000074fc14011bb0, 0x000074fcd0610b20, 0x000074fcd06116d0, 0x000074fc14030840,
0x000074fc08769410, 0x000074fc10567480, 0x000074fc14032340, 0x000074fc080b7920,
0x000074fc0414a6c0, 0x000074fc98000eb0, 0x000074fc1c0f5d10
}

Java Threads: ( => current thread )
  0x000074fcd002c2d0 JavaThread "main" [_thread_blocked, id=5639, stack(0x000074fcd4300000,0x000074fcd4400000)]
  0x000074fcd0167820 JavaThread "Reference Handler" daemon [_thread_blocked, id=5642, stack(0x000074fcbcbf1000,0x000074fcbccf1000)]
  0x000074fcd0168da0 JavaThread "Finalizer" daemon [_thread_blocked, id=5643, stack(0x000074fcbcaf1000,0x000074fcbcbf1000)]
  0x000074fcd0190520 JavaThread "Signal Dispatcher" daemon [_thread_blocked, id=5644, stack(0x000074fcbc9f1000,0x000074fcbcaf1000)]
  0x000074fcd0193d30 JavaThread "Service Thread" daemon [_thread_blocked, id=5645, stack(0x000074fcbc300000,0x000074fcbc400000)]
  0x000074fcd0194da0 JavaThread "Monitor Deflation Thread" daemon [_thread_blocked, id=5646, stack(0x000074fcbc200000,0x000074fcbc300000)]
=>0x000074fcd0196400 JavaThread "C2 CompilerThread0" daemon [_thread_in_native, id=5647, stack(0x000074fcbc100000,0x000074fcbc200000)]
  0x000074fcd0197910 JavaThread "C1 CompilerThread0" daemon [_thread_blocked, id=5648, stack(0x000074fcbc000000,0x000074fcbc100000)]
  0x000074fcd0198d60 JavaThread "Sweeper thread" daemon [_thread_blocked, id=5649, stack(0x000074fcb1f00000,0x000074fcb2000000)]
  0x000074fcd02179d0 JavaThread "Common-Cleaner" daemon [_thread_blocked, id=5650, stack(0x000074fcb1e00000,0x000074fcb1f00000)]
  0x000074fcd03043f0 JavaThread "Notification Thread" daemon [_thread_blocked, id=5656, stack(0x000074fcb1c00000,0x000074fcb1d00000)]
  0x000074fcd04a3fe0 JavaThread "Active Thread: Equinox Container: 47f9a56d-351f-41e7-950a-110e5f509ff0" [_thread_blocked, id=5673, stack(0x000074fcb16fc000,0x000074fcb17fc000)]
  0x000074fcd0518ee0 JavaThread "Refresh Thread: Equinox Container: 47f9a56d-351f-41e7-950a-110e5f509ff0" daemon [_thread_blocked, id=5675, stack(0x000074fcb15fc000,0x000074fcb16fc000)]
  0x000074fc44019120 JavaThread "Framework Event Dispatcher: Equinox Container: 47f9a56d-351f-41e7-950a-110e5f509ff0" daemon [_thread_blocked, id=5676, stack(0x000074fcb14fc000,0x000074fcb15fc000)]
  0x000074fcd051b380 JavaThread "Start Level: Equinox Container: 47f9a56d-351f-41e7-950a-110e5f509ff0" daemon [_thread_blocked, id=5677, stack(0x000074fcb13fc000,0x000074fcb14fc000)]
  0x000074fc38332000 JavaThread "Bundle File Closer" daemon [_thread_blocked, id=5684, stack(0x000074fcb12fc000,0x000074fcb13fc000)]
  0x000074fc384968d0 JavaThread "SCR Component Actor" daemon [_thread_blocked, id=5688, stack(0x000074fcb0f00000,0x000074fcb1000000)]
  0x000074fc383dd4b0 JavaThread "Worker-JM" [_thread_blocked, id=5692, stack(0x000074fcb1d00000,0x000074fcb1e00000)]
  0x000074fc803a9ad0 JavaThread "C2 CompilerThread1" daemon [_thread_in_native, id=5696, stack(0x000074fcb0d00000,0x000074fcb0e00000)]
  0x000074fc381c1380 JavaThread "Worker-0" [_thread_blocked, id=5698, stack(0x000074fcb0c00000,0x000074fcb0d00000)]
  0x000074fc381cc1a0 JavaThread "Worker-1" [_thread_blocked, id=5699, stack(0x000074fcb0b00000,0x000074fcb0c00000)]
  0x000074fc14000ff0 JavaThread "Worker-2" [_thread_blocked, id=5701, stack(0x000074fcb0a00000,0x000074fcb0b00000)]
  0x000074fc3894d0e0 JavaThread "Java indexing" daemon [_thread_blocked, id=5723, stack(0x000074fcb0900000,0x000074fcb0a00000)]
  0x000074fcd0390180 JavaThread "pool-2-thread-1" [_thread_blocked, id=5884, stack(0x000074fcb0800000,0x000074fcb0900000)]
  0x000074fc14011bb0 JavaThread "Worker-3" [_thread_blocked, id=5885, stack(0x000074fcb0700000,0x000074fcb0800000)]
  0x000074fcd0610b20 JavaThread "WorkspaceEventsHandler" [_thread_blocked, id=6059, stack(0x000074fcb0e00000,0x000074fcb0f00000)]
  0x000074fcd06116d0 JavaThread "pool-1-thread-1" [_thread_in_native, id=6066, stack(0x000074fcb0600000,0x000074fcb0700000)]
  0x000074fc14030840 JavaThread "Worker-4" [_thread_blocked, id=6156, stack(0x000074fcb0500000,0x000074fcb0600000)]
  0x000074fc08769410 JavaThread "ForkJoinPool.commonPool-worker-1" daemon [_thread_blocked, id=6832, stack(0x000074fcb0400000,0x000074fcb0500000)]
  0x000074fc10567480 JavaThread "ForkJoinPool.commonPool-worker-2" daemon [_thread_blocked, id=6833, stack(0x000074fcb0300000,0x000074fcb0400000)]
  0x000074fc14032340 JavaThread "ForkJoinPool.commonPool-worker-3" daemon [_thread_blocked, id=6834, stack(0x000074fcb0200000,0x000074fcb0300000)]
  0x000074fc080b7920 JavaThread "Worker-5" [_thread_blocked, id=6835, stack(0x000074fcb0100000,0x000074fcb0200000)]
  0x000074fc0414a6c0 JavaThread "pool-1-thread-2" [_thread_blocked, id=7066, stack(0x000074fcb0000000,0x000074fcb0100000)]
  0x000074fc98000eb0 JavaThread "Attach Listener" daemon [_thread_blocked, id=7219, stack(0x000074fcabf00000,0x000074fcac000000)]
  0x000074fc1c0f5d10 JavaThread "Cleaner-0" daemon [_thread_blocked, id=7318, stack(0x000074fcabe00000,0x000074fcabf00000)]

Other Threads:
  0x000074fcd006d590 VMThread "VM Thread" [stack: 0x000074fcbccf2000,0x000074fcbcdf2000] [id=5641]
  0x000074fcd02acc10 WatcherThread [stack: 0x000074fcb1b00000,0x000074fcb1c00000] [id=5657]
  0x000074fcd0043e50 GCTaskThread "GC Thread#0" [stack: 0x000074fcd402a000,0x000074fcd412a000] [id=5640]
  0x000074fcac001230 GCTaskThread "GC Thread#1" [stack: 0x000074fcb19ff000,0x000074fcb1aff000] [id=5669]
  0x000074fcac002bd0 GCTaskThread "GC Thread#2" [stack: 0x000074fcb18fe000,0x000074fcb19fe000] [id=5670]
  0x000074fcac0035e0 GCTaskThread "GC Thread#3" [stack: 0x000074fcb17fd000,0x000074fcb18fd000] [id=5671]

Threads with active compile tasks:
C2 CompilerThread0    50627 15053       4       org.eclipse.jdt.internal.compiler.lookup.SplitPackageBinding::getPackage0 (109 bytes)
C2 CompilerThread1    50627 15051       4       org.eclipse.jdt.internal.compiler.lookup.SplitPackageBinding::combineAll (202 bytes)

VM state: not at safepoint (normal execution)

VM Mutex/Monitor currently owned by a thread: None

Heap address: 0x00000000c0000000, size: 1024 MB, Compressed Oops mode: 32-bit

CDS archive(s) not mapped
Compressed class space mapped at: 0x0000000100000000-0x0000000140000000, reserved size: 1073741824
Narrow klass base: 0x0000000000000000, Narrow klass shift: 3, Narrow klass range: 0x140000000

GC Precious Log:
 CPUs: 4 total, 4 available
 Memory: 7797M
 Large Page Support: Disabled
 NUMA Support: Disabled
 Compressed Oops: Enabled (32-bit)
 Alignments: Space 512K, Generation 512K, Heap 2M
 Heap Min Capacity: 100M
 Heap Initial Capacity: 100M
 Heap Max Capacity: 1G
 Pre-touch: Disabled
 Parallel Workers: 4

Heap:
 PSYoungGen      total 110592K, used 41729K [0x00000000eab00000, 0x00000000f2480000, 0x0000000100000000)
  eden space 101888K, 32% used [0x00000000eab00000,0x00000000ecb95468,0x00000000f0e80000)
  from space 8704K, 96% used [0x00000000f1c00000,0x00000000f242b1a0,0x00000000f2480000)
  to   space 9216K, 0% used [0x00000000f1280000,0x00000000f1280000,0x00000000f1b80000)
 ParOldGen       total 199168K, used 171425K [0x00000000c0000000, 0x00000000cc280000, 0x00000000eab00000)
  object space 199168K, 86% used [0x00000000c0000000,0x00000000ca7686d0,0x00000000cc280000)
 Metaspace       used 80441K, committed 81920K, reserved 1179648K
  class space    used 8489K, committed 9152K, reserved 1048576K

Card table byte_map: [0x000074fcbde00000,0x000074fcbe001000] _byte_map_base: 0x000074fcbd800000

Marking Bits: (ParMarkBitMap*) 0x000074fcd5729480
 Begin Bits: [0x000074fcb6000000, 0x000074fcb7000000)
 End Bits:   [0x000074fcb7000000, 0x000074fcb8000000)

Polling page: 0x000074fcd5b65000

Metaspace:

Usage:
  Non-class:     70,27 MB used.
      Class:      8,29 MB used.
       Both:     78,56 MB used.

Virtual space:
  Non-class space:      128,00 MB reserved,      71,06 MB ( 56%) committed,  2 nodes.
      Class space:        1,00 GB reserved,       8,94 MB ( <1%) committed,  1 nodes.
             Both:        1,12 GB reserved,      80,00 MB (  7%) committed. 

Chunk freelists:
   Non-Class:  8,80 MB
       Class:  6,98 MB
        Both:  15,77 MB

MaxMetaspaceSize: unlimited
CompressedClassSpaceSize: 1,00 GB
Initial GC threshold: 21,00 MB
Current GC threshold: 126,38 MB
CDS: off
MetaspaceReclaimPolicy: balanced
 - commit_granule_bytes: 65536.
 - commit_granule_words: 8192.
 - virtual_space_node_default_size: 8388608.
 - enlarge_chunks_in_place: 1.
 - new_chunks_are_fully_committed: 0.
 - uncommit_free_chunks: 1.
 - use_allocation_guard: 0.
 - handle_deallocations: 1.


Internal statistics:

num_allocs_failed_limit: 11.
num_arena_births: 996.
num_arena_deaths: 14.
num_vsnodes_births: 3.
num_vsnodes_deaths: 0.
num_space_committed: 1280.
num_space_uncommitted: 0.
num_chunks_returned_to_freelist: 25.
num_chunks_taken_from_freelist: 4694.
num_chunk_merges: 16.
num_chunk_splits: 2770.
num_chunks_enlarged: 1377.
num_inconsistent_stats: 0.

CodeHeap 'non-profiled nmethods': size=120032Kb used=6557Kb max_used=6557Kb free=113475Kb
 bounds [0x000074fcc5cc8000, 0x000074fcc6338000, 0x000074fccd200000]
CodeHeap 'profiled nmethods': size=120028Kb used=25160Kb max_used=25160Kb free=94867Kb
 bounds [0x000074fcbe200000, 0x000074fcbfaa0000, 0x000074fcc5737000]
CodeHeap 'non-nmethods': size=5700Kb used=1379Kb max_used=1484Kb free=4320Kb
 bounds [0x000074fcc5737000, 0x000074fcc59a7000, 0x000074fcc5cc8000]
 total_blobs=12078 nmethods=11344 adapters=644
 compilation: enabled
              stopped_count=0, restarted_count=0
 full_count=0

Compilation events (20 events):
Event: 49,749 Thread 0x000074fcd0197910 15384       2       lombok.launch.PatchFixesHider$Delegate::addGeneratedDelegateMethods (22 bytes)
Event: 49,750 Thread 0x000074fcd0197910 nmethod 15384 0x000074fcbfa90c10 code [0x000074fcbfa90e20, 0x000074fcbfa91390]
Event: 49,750 Thread 0x000074fcd0197910 15385       2       lombok.eclipse.agent.PatchDelegatePortal::addGeneratedDelegateMethods (26 bytes)
Event: 49,750 Thread 0x000074fcd0197910 nmethod 15385 0x000074fcbfa91710 code [0x000074fcbfa918c0, 0x000074fcbfa91ba0]
Event: 49,750 Thread 0x000074fcd0197910 15382       2       org.eclipse.jdt.internal.core.JavaElement::toStringWithAncestors (28 bytes)
Event: 49,750 Thread 0x000074fcd0197910 nmethod 15382 0x000074fcbfa91d10 code [0x000074fcbfa91f00, 0x000074fcbfa92180]
Event: 49,755 Thread 0x000074fcd0196400 nmethod 15031 0x000074fcc6305e90 code [0x000074fcc63060c0, 0x000074fcc6306fa8]
Event: 49,755 Thread 0x000074fcd0196400 15042       4       org.eclipse.jdt.core.compiler.CharOperation::equals (68 bytes)
Event: 49,760 Thread 0x000074fcd0196400 nmethod 15042 0x000074fcc6307b10 code [0x000074fcc6307cc0, 0x000074fcc63081f8]
Event: 49,760 Thread 0x000074fcd0196400 15143       4       org.eclipse.jdt.internal.compiler.lookup.BinaryTypeBinding::createTypeVariables (359 bytes)
Event: 50,390 Thread 0x000074fc803a9ad0 nmethod 15066 0x000074fcc6308590 code [0x000074fcc63090a0, 0x000074fcc6313270]
Event: 50,390 Thread 0x000074fc803a9ad0 15051       4       org.eclipse.jdt.internal.compiler.lookup.SplitPackageBinding::combineAll (202 bytes)
Event: 50,470 Thread 0x000074fcd0196400 nmethod 15143 0x000074fcc631ba10 code [0x000074fcc631c220, 0x000074fcc63258d8]
Event: 50,470 Thread 0x000074fcd0196400 15148       4       lombok.eclipse.handlers.EclipseHandlerUtil::getAccessorsForField (160 bytes)
Event: 50,514 Thread 0x000074fcd0196400 nmethod 15148 0x000074fcc632bf10 code [0x000074fcc632c1a0, 0x000074fcc632d0b0]
Event: 50,514 Thread 0x000074fcd0196400 15113       4       org.eclipse.jdt.internal.compiler.lookup.PackageBinding::hasCompilationUnit (101 bytes)
Event: 50,520 Thread 0x000074fcd0196400 nmethod 15113 0x000074fcc632e710 code [0x000074fcc632e8e0, 0x000074fcc632ec78]
Event: 50,520 Thread 0x000074fcd0196400 15044       4       java.util.HashMap::keysToArray (81 bytes)
Event: 50,524 Thread 0x000074fcd0196400 nmethod 15044 0x000074fcc632ef10 code [0x000074fcc632f0a0, 0x000074fcc632f278]
Event: 50,524 Thread 0x000074fcd0196400 15053       4       org.eclipse.jdt.internal.compiler.lookup.SplitPackageBinding::getPackage0 (109 bytes)

GC Heap History (20 events):
Event: 41,630 GC heap before
{Heap before GC invocations=104 (full 9):
 PSYoungGen      total 81920K, used 81901K [0x00000000eab00000, 0x00000000f1680000, 0x0000000100000000)
  eden space 67584K, 100% used [0x00000000eab00000,0x00000000eed00000,0x00000000eed00000)
  from space 14336K, 99% used [0x00000000eff80000,0x00000000f0d7b6b0,0x00000000f0d80000)
  to   space 18944K, 0% used [0x00000000eed00000,0x00000000eed00000,0x00000000eff80000)
 ParOldGen       total 199168K, used 139554K [0x00000000c0000000, 0x00000000cc280000, 0x00000000eab00000)
  object space 199168K, 70% used [0x00000000c0000000,0x00000000c88489a0,0x00000000cc280000)
 Metaspace       used 76533K, committed 77888K, reserved 1179648K
  class space    used 8131K, committed 8704K, reserved 1048576K
}
Event: 41,670 GC heap after
{Heap after GC invocations=104 (full 9):
 PSYoungGen      total 86528K, used 14455K [0x00000000eab00000, 0x00000000f1200000, 0x0000000100000000)
  eden space 67584K, 0% used [0x00000000eab00000,0x00000000eab00000,0x00000000eed00000)
  from space 18944K, 76% used [0x00000000eed00000,0x00000000efb1dc18,0x00000000eff80000)
  to   space 15872K, 0% used [0x00000000f0280000,0x00000000f0280000,0x00000000f1200000)
 ParOldGen       total 199168K, used 144381K [0x00000000c0000000, 0x00000000cc280000, 0x00000000eab00000)
  object space 199168K, 72% used [0x00000000c0000000,0x00000000c8cff668,0x00000000cc280000)
 Metaspace       used 76533K, committed 77888K, reserved 1179648K
  class space    used 8131K, committed 8704K, reserved 1048576K
}
Event: 41,954 GC heap before
{Heap before GC invocations=105 (full 9):
 PSYoungGen      total 86528K, used 82039K [0x00000000eab00000, 0x00000000f1200000, 0x0000000100000000)
  eden space 67584K, 100% used [0x00000000eab00000,0x00000000eed00000,0x00000000eed00000)
  from space 18944K, 76% used [0x00000000eed00000,0x00000000efb1dc18,0x00000000eff80000)
  to   space 15872K, 0% used [0x00000000f0280000,0x00000000f0280000,0x00000000f1200000)
 ParOldGen       total 199168K, used 144381K [0x00000000c0000000, 0x00000000cc280000, 0x00000000eab00000)
  object space 199168K, 72% used [0x00000000c0000000,0x00000000c8cff668,0x00000000cc280000)
 Metaspace       used 76579K, committed 77952K, reserved 1179648K
  class space    used 8131K, committed 8704K, reserved 1048576K
}
Event: 41,993 GC heap after
{Heap after GC invocations=105 (full 9):
 PSYoungGen      total 89088K, used 14636K [0x00000000eab00000, 0x00000000f1100000, 0x0000000100000000)
  eden space 74240K, 0% used [0x00000000eab00000,0x00000000eab00000,0x00000000ef380000)
  from space 14848K, 98% used [0x00000000f0280000,0x00000000f10cb060,0x00000000f1100000)
  to   space 14848K, 0% used [0x00000000ef400000,0x00000000ef400000,0x00000000f0280000)
 ParOldGen       total 199168K, used 144381K [0x00000000c0000000, 0x00000000cc280000, 0x00000000eab00000)
  object space 199168K, 72% used [0x00000000c0000000,0x00000000c8cff668,0x00000000cc280000)
 Metaspace       used 76579K, committed 77952K, reserved 1179648K
  class space    used 8131K, committed 8704K, reserved 1048576K
}
Event: 42,230 GC heap before
{Heap before GC invocations=106 (full 9):
 PSYoungGen      total 89088K, used 88876K [0x00000000eab00000, 0x00000000f1100000, 0x0000000100000000)
  eden space 74240K, 100% used [0x00000000eab00000,0x00000000ef380000,0x00000000ef380000)
  from space 14848K, 98% used [0x00000000f0280000,0x00000000f10cb060,0x00000000f1100000)
  to   space 14848K, 0% used [0x00000000ef400000,0x00000000ef400000,0x00000000f0280000)
 ParOldGen       total 199168K, used 144381K [0x00000000c0000000, 0x00000000cc280000, 0x00000000eab00000)
  object space 199168K, 72% used [0x00000000c0000000,0x00000000c8cff668,0x00000000cc280000)
 Metaspace       used 76624K, committed 77952K, reserved 1179648K
  class space    used 8132K, committed 8704K, reserved 1048576K
}
Event: 42,283 GC heap after
{Heap after GC invocations=106 (full 9):
 PSYoungGen      total 89600K, used 14024K [0x00000000eab00000, 0x00000000f1700000, 0x0000000100000000)
  eden space 74752K, 0% used [0x00000000eab00000,0x00000000eab00000,0x00000000ef400000)
  from space 14848K, 94% used [0x00000000ef400000,0x00000000f01b2208,0x00000000f0280000)
  to   space 14336K, 0% used [0x00000000f0900000,0x00000000f0900000,0x00000000f1700000)
 ParOldGen       total 199168K, used 144389K [0x00000000c0000000, 0x00000000cc280000, 0x00000000eab00000)
  object space 199168K, 72% used [0x00000000c0000000,0x00000000c8d01668,0x00000000cc280000)
 Metaspace       used 76624K, committed 77952K, reserved 1179648K
  class space    used 8132K, committed 8704K, reserved 1048576K
}
Event: 42,664 GC heap before
{Heap before GC invocations=107 (full 9):
 PSYoungGen      total 89600K, used 88776K [0x00000000eab00000, 0x00000000f1700000, 0x0000000100000000)
  eden space 74752K, 100% used [0x00000000eab00000,0x00000000ef400000,0x00000000ef400000)
  from space 14848K, 94% used [0x00000000ef400000,0x00000000f01b2208,0x00000000f0280000)
  to   space 14336K, 0% used [0x00000000f0900000,0x00000000f0900000,0x00000000f1700000)
 ParOldGen       total 199168K, used 144389K [0x00000000c0000000, 0x00000000cc280000, 0x00000000eab00000)
  object space 199168K, 72% used [0x00000000c0000000,0x00000000c8d01668,0x00000000cc280000)
 Metaspace       used 76681K, committed 78016K, reserved 1179648K
  class space    used 8132K, committed 8704K, reserved 1048576K
}
Event: 42,702 GC heap after
{Heap after GC invocations=107 (full 9):
 PSYoungGen      total 95232K, used 12719K [0x00000000eab00000, 0x00000000f1580000, 0x0000000100000000)
  eden space 82432K, 0% used [0x00000000eab00000,0x00000000eab00000,0x00000000efb80000)
  from space 12800K, 99% used [0x00000000f0900000,0x00000000f156be48,0x00000000f1580000)
  to   space 13312K, 0% used [0x00000000efb80000,0x00000000efb80000,0x00000000f0880000)
 ParOldGen       total 199168K, used 146865K [0x00000000c0000000, 0x00000000cc280000, 0x00000000eab00000)
  object space 199168K, 73% used [0x00000000c0000000,0x00000000c8f6c518,0x00000000cc280000)
 Metaspace       used 76681K, committed 78016K, reserved 1179648K
  class space    used 8132K, committed 8704K, reserved 1048576K
}
Event: 43,149 GC heap before
{Heap before GC invocations=108 (full 9):
 PSYoungGen      total 95232K, used 95151K [0x00000000eab00000, 0x00000000f1580000, 0x0000000100000000)
  eden space 82432K, 100% used [0x00000000eab00000,0x00000000efb80000,0x00000000efb80000)
  from space 12800K, 99% used [0x00000000f0900000,0x00000000f156be48,0x00000000f1580000)
  to   space 13312K, 0% used [0x00000000efb80000,0x00000000efb80000,0x00000000f0880000)
 ParOldGen       total 199168K, used 146865K [0x00000000c0000000, 0x00000000cc280000, 0x00000000eab00000)
  object space 199168K, 73% used [0x00000000c0000000,0x00000000c8f6c518,0x00000000cc280000)
 Metaspace       used 76826K, committed 78272K, reserved 1179648K
  class space    used 8133K, committed 8704K, reserved 1048576K
}
Event: 43,209 GC heap after
{Heap after GC invocations=108 (full 9):
 PSYoungGen      total 95744K, used 13293K [0x00000000eab00000, 0x00000000f3780000, 0x0000000100000000)
  eden space 82432K, 0% used [0x00000000eab00000,0x00000000eab00000,0x00000000efb80000)
  from space 13312K, 99% used [0x00000000efb80000,0x00000000f087b588,0x00000000f0880000)
  to   space 26624K, 0% used [0x00000000f1d80000,0x00000000f1d80000,0x00000000f3780000)
 ParOldGen       total 199168K, used 158151K [0x00000000c0000000, 0x00000000cc280000, 0x00000000eab00000)
  object space 199168K, 79% used [0x00000000c0000000,0x00000000c9a71dd8,0x00000000cc280000)
 Metaspace       used 76826K, committed 78272K, reserved 1179648K
  class space    used 8133K, committed 8704K, reserved 1048576K
}
Event: 43,503 GC heap before
{Heap before GC invocations=109 (full 9):
 PSYoungGen      total 95744K, used 95725K [0x00000000eab00000, 0x00000000f3780000, 0x0000000100000000)
  eden space 82432K, 100% used [0x00000000eab00000,0x00000000efb80000,0x00000000efb80000)
  from space 13312K, 99% used [0x00000000efb80000,0x00000000f087b588,0x00000000f0880000)
  to   space 26624K, 0% used [0x00000000f1d80000,0x00000000f1d80000,0x00000000f3780000)
 ParOldGen       total 199168K, used 158151K [0x00000000c0000000, 0x00000000cc280000, 0x00000000eab00000)
  object space 199168K, 79% used [0x00000000c0000000,0x00000000c9a71dd8,0x00000000cc280000)
 Metaspace       used 76937K, committed 78336K, reserved 1179648K
  class space    used 8136K, committed 8704K, reserved 1048576K
}
Event: 43,561 GC heap after
{Heap after GC invocations=109 (full 9):
 PSYoungGen      total 108032K, used 16793K [0x00000000eab00000, 0x00000000f2e00000, 0x0000000100000000)
  eden space 91136K, 0% used [0x00000000eab00000,0x00000000eab00000,0x00000000f0400000)
  from space 16896K, 99% used [0x00000000f1d80000,0x00000000f2de6628,0x00000000f2e00000)
  to   space 19968K, 0% used [0x00000000f0700000,0x00000000f0700000,0x00000000f1a80000)
 ParOldGen       total 199168K, used 160509K [0x00000000c0000000, 0x00000000cc280000, 0x00000000eab00000)
  object space 199168K, 80% used [0x00000000c0000000,0x00000000c9cbf660,0x00000000cc280000)
 Metaspace       used 76937K, committed 78336K, reserved 1179648K
  class space    used 8136K, committed 8704K, reserved 1048576K
}
Event: 43,922 GC heap before
{Heap before GC invocations=110 (full 9):
 PSYoungGen      total 108032K, used 107929K [0x00000000eab00000, 0x00000000f2e00000, 0x0000000100000000)
  eden space 91136K, 100% used [0x00000000eab00000,0x00000000f0400000,0x00000000f0400000)
  from space 16896K, 99% used [0x00000000f1d80000,0x00000000f2de6628,0x00000000f2e00000)
  to   space 19968K, 0% used [0x00000000f0700000,0x00000000f0700000,0x00000000f1a80000)
 ParOldGen       total 199168K, used 160509K [0x00000000c0000000, 0x00000000cc280000, 0x00000000eab00000)
  object space 199168K, 80% used [0x00000000c0000000,0x00000000c9cbf660,0x00000000cc280000)
 Metaspace       used 77190K, committed 78656K, reserved 1179648K
  class space    used 8151K, committed 8768K, reserved 1048576K
}
Event: 43,961 GC heap after
{Heap after GC invocations=110 (full 9):
 PSYoungGen      total 114176K, used 17319K [0x00000000eab00000, 0x00000000f3000000, 0x0000000100000000)
  eden space 94208K, 0% used [0x00000000eab00000,0x00000000eab00000,0x00000000f0700000)
  from space 19968K, 86% used [0x00000000f0700000,0x00000000f17e9fb0,0x00000000f1a80000)
  to   space 17920K, 0% used [0x00000000f1e80000,0x00000000f1e80000,0x00000000f3000000)
 ParOldGen       total 199168K, used 161074K [0x00000000c0000000, 0x00000000cc280000, 0x00000000eab00000)
  object space 199168K, 80% used [0x00000000c0000000,0x00000000c9d4c880,0x00000000cc280000)
 Metaspace       used 77190K, committed 78656K, reserved 1179648K
  class space    used 8151K, committed 8768K, reserved 1048576K
}
Event: 44,419 GC heap before
{Heap before GC invocations=111 (full 9):
 PSYoungGen      total 114176K, used 111527K [0x00000000eab00000, 0x00000000f3000000, 0x0000000100000000)
  eden space 94208K, 100% used [0x00000000eab00000,0x00000000f0700000,0x00000000f0700000)
  from space 19968K, 86% used [0x00000000f0700000,0x00000000f17e9fb0,0x00000000f1a80000)
  to   space 17920K, 0% used [0x00000000f1e80000,0x00000000f1e80000,0x00000000f3000000)
 ParOldGen       total 199168K, used 161074K [0x00000000c0000000, 0x00000000cc280000, 0x00000000eab00000)
  object space 199168K, 80% used [0x00000000c0000000,0x00000000c9d4c880,0x00000000cc280000)
 Metaspace       used 77671K, committed 79040K, reserved 1179648K
  class space    used 8202K, committed 8768K, reserved 1048576K
}
Event: 44,471 GC heap after
{Heap after GC invocations=111 (full 9):
 PSYoungGen      total 113152K, used 17909K [0x00000000eab00000, 0x00000000f3d00000, 0x0000000100000000)
  eden space 95232K, 0% used [0x00000000eab00000,0x00000000eab00000,0x00000000f0800000)
  from space 17920K, 99% used [0x00000000f1e80000,0x00000000f2ffd570,0x00000000f3000000)
  to   space 23040K, 0% used [0x00000000f0800000,0x00000000f0800000,0x00000000f1e80000)
 ParOldGen       total 199168K, used 164990K [0x00000000c0000000, 0x00000000cc280000, 0x00000000eab00000)
  object space 199168K, 82% used [0x00000000c0000000,0x00000000ca11fad0,0x00000000cc280000)
 Metaspace       used 77671K, committed 79040K, reserved 1179648K
  class space    used 8202K, committed 8768K, reserved 1048576K
}
Event: 45,784 GC heap before
{Heap before GC invocations=112 (full 9):
 PSYoungGen      total 113152K, used 113141K [0x00000000eab00000, 0x00000000f3d00000, 0x0000000100000000)
  eden space 95232K, 100% used [0x00000000eab00000,0x00000000f0800000,0x00000000f0800000)
  from space 17920K, 99% used [0x00000000f1e80000,0x00000000f2ffd570,0x00000000f3000000)
  to   space 23040K, 0% used [0x00000000f0800000,0x00000000f0800000,0x00000000f1e80000)
 ParOldGen       total 199168K, used 164990K [0x00000000c0000000, 0x00000000cc280000, 0x00000000eab00000)
  object space 199168K, 82% used [0x00000000c0000000,0x00000000ca11fad0,0x00000000cc280000)
 Metaspace       used 78976K, committed 80384K, reserved 1179648K
  class space    used 8343K, committed 8960K, reserved 1048576K
}
Event: 45,803 GC heap after
{Heap after GC invocations=112 (full 9):
 PSYoungGen      total 101376K, used 6089K [0x00000000eab00000, 0x00000000f2800000, 0x0000000100000000)
  eden space 95232K, 0% used [0x00000000eab00000,0x00000000eab00000,0x00000000f0800000)
  from space 6144K, 99% used [0x00000000f0800000,0x00000000f0df2480,0x00000000f0e00000)
  to   space 12288K, 0% used [0x00000000f1c00000,0x00000000f1c00000,0x00000000f2800000)
 ParOldGen       total 199168K, used 171417K [0x00000000c0000000, 0x00000000cc280000, 0x00000000eab00000)
  object space 199168K, 86% used [0x00000000c0000000,0x00000000ca7666d0,0x00000000cc280000)
 Metaspace       used 78976K, committed 80384K, reserved 1179648K
  class space    used 8343K, committed 8960K, reserved 1048576K
}
Event: 49,258 GC heap before
{Heap before GC invocations=113 (full 9):
 PSYoungGen      total 101376K, used 101321K [0x00000000eab00000, 0x00000000f2800000, 0x0000000100000000)
  eden space 95232K, 100% used [0x00000000eab00000,0x00000000f0800000,0x00000000f0800000)
  from space 6144K, 99% used [0x00000000f0800000,0x00000000f0df2480,0x00000000f0e00000)
  to   space 12288K, 0% used [0x00000000f1c00000,0x00000000f1c00000,0x00000000f2800000)
 ParOldGen       total 199168K, used 171417K [0x00000000c0000000, 0x00000000cc280000, 0x00000000eab00000)
  object space 199168K, 86% used [0x00000000c0000000,0x00000000ca7666d0,0x00000000cc280000)
 Metaspace       used 79355K, committed 80768K, reserved 1179648K
  class space    used 8356K, committed 9024K, reserved 1048576K
}
Event: 49,282 GC heap after
{Heap after GC invocations=113 (full 9):
 PSYoungGen      total 110592K, used 8364K [0x00000000eab00000, 0x00000000f2480000, 0x0000000100000000)
  eden space 101888K, 0% used [0x00000000eab00000,0x00000000eab00000,0x00000000f0e80000)
  from space 8704K, 96% used [0x00000000f1c00000,0x00000000f242b1a0,0x00000000f2480000)
  to   space 9216K, 0% used [0x00000000f1280000,0x00000000f1280000,0x00000000f1b80000)
 ParOldGen       total 199168K, used 171425K [0x00000000c0000000, 0x00000000cc280000, 0x00000000eab00000)
  object space 199168K, 86% used [0x00000000c0000000,0x00000000ca7686d0,0x00000000cc280000)
 Metaspace       used 79355K, committed 80768K, reserved 1179648K
  class space    used 8356K, committed 9024K, reserved 1048576K
}

Dll operation events (9 events):
Event: 0,008 Loaded shared library /home/gedeon-tiga/.vscode/extensions/redhat.java-1.37.0-linux-x64/jre/17.0.13-linux-x86_64/lib/libjava.so
Event: 0,353 Loaded shared library /home/gedeon-tiga/.vscode/extensions/redhat.java-1.37.0-linux-x64/jre/17.0.13-linux-x86_64/lib/libzip.so
Event: 0,357 Loaded shared library /home/gedeon-tiga/.vscode/extensions/redhat.java-1.37.0-linux-x64/jre/17.0.13-linux-x86_64/lib/libinstrument.so
Event: 0,368 Loaded shared library /home/gedeon-tiga/.vscode/extensions/redhat.java-1.37.0-linux-x64/jre/17.0.13-linux-x86_64/lib/libnio.so
Event: 0,379 Loaded shared library /home/gedeon-tiga/.vscode/extensions/redhat.java-1.37.0-linux-x64/jre/17.0.13-linux-x86_64/lib/libzip.so
Event: 0,423 Loaded shared library /home/gedeon-tiga/.vscode/extensions/redhat.java-1.37.0-linux-x64/jre/17.0.13-linux-x86_64/lib/libjimage.so
Event: 0,544 Loaded shared library /home/gedeon-tiga/.vscode/extensions/redhat.java-1.37.0-linux-x64/jre/17.0.13-linux-x86_64/lib/libverify.so
Event: 2,113 Loaded shared library /home/gedeon-tiga/.vscode/extensions/redhat.java-1.37.0-linux-x64/jre/17.0.13-linux-x86_64/lib/libnet.so
Event: 2,725 Loaded shared library /home/gedeon-tiga/.config/Code/User/globalStorage/redhat.java/1.37.0/config_linux/org.eclipse.equinox.launcher/org.eclipse.equinox.launcher.gtk.linux.x86_64_1.2.1200.v20240924-2302/eclipse_11905.so

Deoptimization events (20 events):
Event: 49,609 Thread 0x000074fc0414a6c0 DEOPT PACKING pc=0x000074fcbed89fd4 sp=0x000074fcb00f8430
Event: 49,609 Thread 0x000074fc0414a6c0 DEOPT UNPACKING pc=0x000074fcc578db2f sp=0x000074fcb00f7918 mode 0
Event: 49,660 Thread 0x000074fc0414a6c0 DEOPT PACKING pc=0x000074fcbed89fd4 sp=0x000074fcb00f8340
Event: 49,660 Thread 0x000074fc0414a6c0 DEOPT UNPACKING pc=0x000074fcc578db2f sp=0x000074fcb00f7828 mode 0
Event: 49,696 Thread 0x000074fc0414a6c0 Uncommon trap: trap_request=0xffffff45 fr.pc=0x000074fcc62e7094 relative=0x00000000000003d4
Event: 49,696 Thread 0x000074fc0414a6c0 Uncommon trap: reason=unstable_if action=reinterpret pc=0x000074fcc62e7094 method=java.util.regex.Matcher.search(I)Z @ 76 c2
Event: 49,696 Thread 0x000074fc0414a6c0 DEOPT PACKING pc=0x000074fcc62e7094 sp=0x000074fcb00fdee0
Event: 49,696 Thread 0x000074fc0414a6c0 DEOPT UNPACKING pc=0x000074fcc578d399 sp=0x000074fcb00fdeb0 mode 2
Event: 49,698 Thread 0x000074fc0414a6c0 Uncommon trap: trap_request=0xffffff45 fr.pc=0x000074fcc5cff184 relative=0x00000000000006a4
Event: 49,698 Thread 0x000074fc0414a6c0 Uncommon trap: reason=unstable_if action=reinterpret pc=0x000074fcc5cff184 method=java.lang.String.replace(Ljava/lang/CharSequence;Ljava/lang/CharSequence;)Ljava/lang/String; @ 42 c2
Event: 49,698 Thread 0x000074fc0414a6c0 DEOPT PACKING pc=0x000074fcc5cff184 sp=0x000074fcb00fdfa0
Event: 49,698 Thread 0x000074fc0414a6c0 DEOPT UNPACKING pc=0x000074fcc578d399 sp=0x000074fcb00fdf40 mode 2
Event: 49,713 Thread 0x000074fc0414a6c0 Uncommon trap: trap_request=0xffffff45 fr.pc=0x000074fcc5cd2480 relative=0x0000000000000160
Event: 49,713 Thread 0x000074fc0414a6c0 Uncommon trap: reason=unstable_if action=reinterpret pc=0x000074fcc5cd2480 method=java.lang.String.isLatin1()Z @ 10 c2
Event: 49,713 Thread 0x000074fc0414a6c0 DEOPT PACKING pc=0x000074fcc5cd2480 sp=0x000074fcb00fd710
Event: 49,713 Thread 0x000074fc0414a6c0 DEOPT UNPACKING pc=0x000074fcc578d399 sp=0x000074fcb00fd660 mode 2
Event: 49,722 Thread 0x000074fcd06116d0 Uncommon trap: trap_request=0xffffffc6 fr.pc=0x000074fcc6131ac8 relative=0x0000000000001948
Event: 49,722 Thread 0x000074fcd06116d0 Uncommon trap: reason=bimorphic_or_optimized_type_check action=maybe_recompile pc=0x000074fcc6131ac8 method=org.eclipse.jdt.internal.core.NameLookup.getModuleDescription(Lorg/eclipse/jdt/internal/core/JavaProject;Lorg/eclipse/jdt/core/IPackageFragmentRoot
Event: 49,722 Thread 0x000074fcd06116d0 DEOPT PACKING pc=0x000074fcc6131ac8 sp=0x000074fcb06fd390
Event: 49,722 Thread 0x000074fcd06116d0 DEOPT UNPACKING pc=0x000074fcc578d399 sp=0x000074fcb06fd368 mode 2

Classes loaded (20 events):
Event: 39,634 Loading class java/util/stream/DistinctOps
Event: 39,635 Loading class java/util/stream/DistinctOps done
Event: 39,635 Loading class java/util/stream/DistinctOps$1
Event: 39,635 Loading class java/util/stream/DistinctOps$1 done
Event: 39,637 Loading class java/util/stream/DistinctOps$1$2
Event: 39,637 Loading class java/util/stream/DistinctOps$1$2 done
Event: 44,587 Loading class java/util/stream/ReduceOps$2
Event: 44,587 Loading class java/util/stream/ReduceOps$2 done
Event: 44,587 Loading class java/util/stream/ReduceOps$2ReducingSink
Event: 44,587 Loading class java/util/stream/ReduceOps$2ReducingSink done
Event: 45,255 Loading class jdk/internal/ref/CleanerImpl$InnocuousThreadFactory
Event: 45,255 Loading class jdk/internal/ref/CleanerImpl$InnocuousThreadFactory done
Event: 49,215 Loading class java/util/stream/IntPipeline$1
Event: 49,215 Loading class java/util/stream/IntPipeline$1 done
Event: 49,216 Loading class java/util/stream/IntPipeline$1$1
Event: 49,216 Loading class java/util/stream/IntPipeline$1$1 done
Event: 49,540 Loading class java/io/CharArrayReader
Event: 49,540 Loading class java/io/CharArrayReader done
Event: 49,540 Loading class java/util/regex/Pattern$Bound
Event: 49,540 Loading class java/util/regex/Pattern$Bound done

Classes unloaded (7 events):
Event: 8,410 Thread 0x000074fcd006d590 Unloading class 0x0000000100258000 'java/lang/invoke/LambdaForm$MH+0x0000000100258000'
Event: 8,410 Thread 0x000074fcd006d590 Unloading class 0x0000000100257c00 'java/lang/invoke/LambdaForm$MH+0x0000000100257c00'
Event: 8,410 Thread 0x000074fcd006d590 Unloading class 0x0000000100257800 'java/lang/invoke/LambdaForm$MH+0x0000000100257800'
Event: 8,410 Thread 0x000074fcd006d590 Unloading class 0x0000000100257400 'java/lang/invoke/LambdaForm$MH+0x0000000100257400'
Event: 8,410 Thread 0x000074fcd006d590 Unloading class 0x0000000100257000 'java/lang/invoke/LambdaForm$BMH+0x0000000100257000'
Event: 8,410 Thread 0x000074fcd006d590 Unloading class 0x0000000100256c00 'java/lang/invoke/LambdaForm$DMH+0x0000000100256c00'
Event: 8,410 Thread 0x000074fcd006d590 Unloading class 0x0000000100254400 'java/lang/invoke/LambdaForm$DMH+0x0000000100254400'

Classes redefined (0 events):
No events

Internal exceptions (20 events):
Event: 49,539 Thread 0x000074fc10567480 Implicit null exception at 0x000074fcbf1b2d49 to 0x000074fcbf1b404c
Event: 49,539 Thread 0x000074fc10567480 Exception <a 'java/lang/NullPointerException'{0x00000000ec27b920}> (0x00000000ec27b920) 
thrown [src/hotspot/share/runtime/sharedRuntime.cpp, line 631]
Event: 49,539 Thread 0x000074fc10567480 Implicit null exception at 0x000074fcbf1b2d49 to 0x000074fcbf1b404c
Event: 49,539 Thread 0x000074fc10567480 Exception <a 'java/lang/NullPointerException'{0x00000000ec27d0a8}> (0x00000000ec27d0a8) 
thrown [src/hotspot/share/runtime/sharedRuntime.cpp, line 631]
Event: 49,539 Thread 0x000074fc10567480 Implicit null exception at 0x000074fcbf1b2d49 to 0x000074fcbf1b404c
Event: 49,540 Thread 0x000074fc10567480 Exception <a 'java/lang/NullPointerException'{0x00000000ec284ad0}> (0x00000000ec284ad0) 
thrown [src/hotspot/share/runtime/sharedRuntime.cpp, line 631]
Event: 49,540 Thread 0x000074fc10567480 Implicit null exception at 0x000074fcbf1b2d49 to 0x000074fcbf1b404c
Event: 49,540 Thread 0x000074fc10567480 Exception <a 'java/lang/NullPointerException'{0x00000000ec286250}> (0x00000000ec286250) 
thrown [src/hotspot/share/runtime/sharedRuntime.cpp, line 631]
Event: 49,540 Thread 0x000074fc10567480 Implicit null exception at 0x000074fcbf1b2d49 to 0x000074fcbf1b404c
Event: 49,540 Thread 0x000074fc10567480 Exception <a 'java/lang/NullPointerException'{0x00000000ec28ecd0}> (0x00000000ec28ecd0) 
thrown [src/hotspot/share/runtime/sharedRuntime.cpp, line 631]
Event: 49,540 Thread 0x000074fc10567480 Implicit null exception at 0x000074fcbf1b2d49 to 0x000074fcbf1b404c
Event: 49,540 Thread 0x000074fc10567480 Exception <a 'java/lang/NullPointerException'{0x00000000ec290458}> (0x00000000ec290458) 
thrown [src/hotspot/share/runtime/sharedRuntime.cpp, line 631]
Event: 49,540 Thread 0x000074fc10567480 Implicit null exception at 0x000074fcbf1b2d49 to 0x000074fcbf1b404c
Event: 49,540 Thread 0x000074fc10567480 Exception <a 'java/lang/NullPointerException'{0x00000000ec297ee0}> (0x00000000ec297ee0) 
thrown [src/hotspot/share/runtime/sharedRuntime.cpp, line 631]
Event: 49,540 Thread 0x000074fc10567480 Implicit null exception at 0x000074fcbf1b2d49 to 0x000074fcbf1b404c
Event: 49,540 Thread 0x000074fc10567480 Exception <a 'java/lang/NullPointerException'{0x00000000ec299668}> (0x00000000ec299668) 
thrown [src/hotspot/share/runtime/sharedRuntime.cpp, line 631]
Event: 49,540 Thread 0x000074fc10567480 Implicit null exception at 0x000074fcbf1b2d49 to 0x000074fcbf1b404c
Event: 49,540 Thread 0x000074fc10567480 Exception <a 'java/lang/NullPointerException'{0x00000000ec2a1118}> (0x00000000ec2a1118) 
thrown [src/hotspot/share/runtime/sharedRuntime.cpp, line 631]
Event: 49,540 Thread 0x000074fc10567480 Implicit null exception at 0x000074fcbf1b2d49 to 0x000074fcbf1b404c
Event: 49,540 Thread 0x000074fc10567480 Exception <a 'java/lang/NullPointerException'{0x00000000ec2a28a0}> (0x00000000ec2a28a0) 
thrown [src/hotspot/share/runtime/sharedRuntime.cpp, line 631]

VM Operations (20 events):
Event: 45,595 Executing VM operation: ICBufferFull
Event: 45,595 Executing VM operation: ICBufferFull done
Event: 45,784 Executing VM operation: ParallelGCFailedAllocation
Event: 45,803 Executing VM operation: ParallelGCFailedAllocation done
Event: 46,803 Executing VM operation: Cleanup
Event: 46,803 Executing VM operation: Cleanup done
Event: 47,804 Executing VM operation: Cleanup
Event: 47,804 Executing VM operation: Cleanup done
Event: 48,068 Executing VM operation: HandshakeAllThreads
Event: 48,068 Executing VM operation: HandshakeAllThreads done
Event: 48,964 Executing VM operation: ICBufferFull
Event: 48,965 Executing VM operation: ICBufferFull done
Event: 49,257 Executing VM operation: ParallelGCFailedAllocation
Event: 49,283 Executing VM operation: ParallelGCFailedAllocation done
Event: 49,539 Executing VM operation: HandshakeAllThreads
Event: 49,539 Executing VM operation: HandshakeAllThreads done
Event: 49,671 Executing VM operation: HandshakeAllThreads
Event: 49,671 Executing VM operation: HandshakeAllThreads done
Event: 49,695 Executing VM operation: HandshakeAllThreads
Event: 49,695 Executing VM operation: HandshakeAllThreads done

Memory protections (20 events):
Event: 5,837 Protecting memory [0x000074fcb0c00000,0x000074fcb0c04000] with protection modes 0
Event: 5,871 Protecting memory [0x000074fcb0b00000,0x000074fcb0b04000] with protection modes 0
Event: 6,123 Protecting memory [0x000074fcb0a00000,0x000074fcb0a04000] with protection modes 0
Event: 8,860 Protecting memory [0x000074fcb0900000,0x000074fcb0904000] with protection modes 0
Event: 10,504 Protecting memory [0x000074fcb0800000,0x000074fcb0804000] with protection modes 0
Event: 10,644 Protecting memory [0x000074fcb0700000,0x000074fcb0704000] with protection modes 0
Event: 12,078 Protecting memory [0x000074fcb0e00000,0x000074fcb0e04000] with protection modes 0
Event: 12,090 Protecting memory [0x000074fcb0600000,0x000074fcb0604000] with protection modes 0
Event: 13,189 Protecting memory [0x000074fcb0500000,0x000074fcb0504000] with protection modes 0
Event: 24,795 Protecting memory [0x000074fcb0400000,0x000074fcb0404000] with protection modes 0
Event: 25,149 Protecting memory [0x000074fcb0300000,0x000074fcb0304000] with protection modes 0
Event: 25,157 Protecting memory [0x000074fcb0200000,0x000074fcb0204000] with protection modes 0
Event: 26,074 Protecting memory [0x000074fcb0100000,0x000074fcb0104000] with protection modes 0
Event: 31,041 Protecting memory [0x000074fcb0000000,0x000074fcb0004000] with protection modes 0
Event: 32,820 Protecting memory [0x000074fcabf00000,0x000074fcabf04000] with protection modes 0
Event: 33,370 Protecting memory [0x000074fcabe00000,0x000074fcabe04000] with protection modes 0
Event: 33,942 Protecting memory [0x000074fcabd00000,0x000074fcabd04000] with protection modes 0
Event: 33,952 Protecting memory [0x000074fcabc00000,0x000074fcabc04000] with protection modes 0
Event: 37,903 Protecting memory [0x000074fcabf00000,0x000074fcabf04000] with protection modes 0
Event: 45,261 Protecting memory [0x000074fcabe00000,0x000074fcabe04000] with protection modes 0

Nmethod flushes (20 events):
Event: 42,748 Thread 0x000074fcd0198d60 flushing  nmethod 0x000074fcbf63a390
Event: 42,748 Thread 0x000074fcd0198d60 flushing  nmethod 0x000074fcbf63f010
Event: 42,748 Thread 0x000074fcd0198d60 flushing  nmethod 0x000074fcbf659a10
Event: 42,748 Thread 0x000074fcd0198d60 flushing  nmethod 0x000074fcbf65a990
Event: 42,748 Thread 0x000074fcd0198d60 flushing  nmethod 0x000074fcbf6a7b10
Event: 48,090 Thread 0x000074fcd0198d60 flushing  nmethod 0x000074fcbeb4d410
Event: 48,099 Thread 0x000074fcd0198d60 flushing  nmethod 0x000074fcbefca790
Event: 48,100 Thread 0x000074fcd0198d60 flushing  nmethod 0x000074fcbf1b7410
Event: 48,101 Thread 0x000074fcd0198d60 flushing  nmethod 0x000074fcbf231f10
Event: 48,101 Thread 0x000074fcd0198d60 flushing  nmethod 0x000074fcbf258910
Event: 48,109 Thread 0x000074fcd0198d60 flushing  nmethod 0x000074fcbf482810
Event: 48,109 Thread 0x000074fcd0198d60 flushing  nmethod 0x000074fcbf4b7a10
Event: 48,109 Thread 0x000074fcd0198d60 flushing  nmethod 0x000074fcbf4ba210
Event: 48,109 Thread 0x000074fcd0198d60 flushing  nmethod 0x000074fcbf4bca10
Event: 48,110 Thread 0x000074fcd0198d60 flushing  nmethod 0x000074fcbf4ef390
Event: 48,111 Thread 0x000074fcd0198d60 flushing  nmethod 0x000074fcbf604910
Event: 48,111 Thread 0x000074fcd0198d60 flushing  nmethod 0x000074fcbf60d210
Event: 48,111 Thread 0x000074fcd0198d60 flushing  nmethod 0x000074fcbf63eb10
Event: 48,117 Thread 0x000074fcd0198d60 flushing  nmethod 0x000074fcbf697190
Event: 48,117 Thread 0x000074fcd0198d60 flushing  nmethod 0x000074fcbf6b8410

Events (20 events):
Event: 10,641 Thread 0x000074fc381cc1a0 Thread added: 0x000074fc14011bb0
Event: 11,981 Thread 0x000074fc384f0c00 Thread exited: 0x000074fc384f0c00
Event: 12,076 Thread 0x000074fcd002c2d0 Thread added: 0x000074fcd0610b20
Event: 12,090 Thread 0x000074fcd002c2d0 Thread added: 0x000074fcd06116d0
Event: 13,188 Thread 0x000074fc381cc1a0 Thread added: 0x000074fc14030840
Event: 24,791 Thread 0x000074fc3894d0e0 Thread added: 0x000074fc08769410
Event: 25,149 Thread 0x000074fc08769410 Thread added: 0x000074fc10567480
Event: 25,155 Thread 0x000074fc10567480 Thread added: 0x000074fc14032340
Event: 26,073 Thread 0x000074fc14030840 Thread added: 0x000074fc080b7920
Event: 31,041 Thread 0x000074fcd06116d0 Thread added: 0x000074fc0414a6c0
Event: 32,819 Thread 0x000074fc14032340 Thread added: 0x000074fc1c0aed80
Event: 33,367 Thread 0x000074fc08769410 Thread added: 0x000074fc1011eaa0
Event: 33,941 Thread 0x000074fc08769410 Thread added: 0x000074fc101716f0
Event: 33,946 Thread 0x000074fc08769410 Thread added: 0x000074fc10172740
Event: 34,046 Thread 0x000074fc101716f0 Thread exited: 0x000074fc101716f0
Event: 34,052 Thread 0x000074fc10172740 Thread exited: 0x000074fc10172740
Event: 35,150 Thread 0x000074fc1c0aed80 Thread exited: 0x000074fc1c0aed80
Event: 37,903 Thread 0x000074fcd0190520 Thread added: 0x000074fc98000eb0
Event: 38,768 Thread 0x000074fc1011eaa0 Thread exited: 0x000074fc1011eaa0
Event: 45,259 Thread 0x000074fc14032340 Thread added: 0x000074fc1c0f5d10


Dynamic libraries:
c0000000-cc280000 rw-p 00000000 00:00 0 
cc280000-eab00000 ---p 00000000 00:00 0 
eab00000-f2480000 rw-p 00000000 00:00 0 
f2480000-100000000 ---p 00000000 00:00 0 
100000000-100010000 rw-p 00000000 00:00 0 
100010000-100030000 rw-p 00000000 00:00 0 
100030000-1000b0000 rw-p 00000000 00:00 0 
1000b0000-1000d0000 rw-p 00000000 00:00 0 
1000d0000-100130000 rw-p 00000000 00:00 0 
100130000-100170000 rw-p 00000000 00:00 0 
100170000-1001b0000 rw-p 00000000 00:00 0 
1001b0000-1001f0000 rw-p 00000000 00:00 0 
1001f0000-1002f0000 rw-p 00000000 00:00 0 
1002f0000-1003d0000 rw-p 00000000 00:00 0 
1003d0000-1003f0000 rw-p 00000000 00:00 0 
1003f0000-100470000 rw-p 00000000 00:00 0 
100470000-100730000 rw-p 00000000 00:00 0 
100730000-100760000 rw-p 00000000 00:00 0 
100760000-100780000 ---p 00000000 00:00 0 
100780000-100910000 rw-p 00000000 00:00 0 
100910000-140000000 ---p 00000000 00:00 0 
5910e5681000-5910e5682000 r--p 00000000 103:05 5543190                   /home/gedeon-tiga/.vscode/extensions/redhat.java-1.37.0-linux-x64/jre/17.0.13-linux-x86_64/bin/java
5910e5682000-5910e5683000 r-xp 00001000 103:05 5543190                   /home/gedeon-tiga/.vscode/extensions/redhat.java-1.37.0-linux-x64/jre/17.0.13-linux-x86_64/bin/java
5910e5683000-5910e5684000 r--p 00002000 103:05 5543190                   /home/gedeon-tiga/.vscode/extensions/redhat.java-1.37.0-linux-x64/jre/17.0.13-linux-x86_64/bin/java
5910e5684000-5910e5685000 r--p 00002000 103:05 5543190                   /home/gedeon-tiga/.vscode/extensions/redhat.java-1.37.0-linux-x64/jre/17.0.13-linux-x86_64/bin/java
5910e5685000-5910e5686000 rw-p 00003000 103:05 5543190                   /home/gedeon-tiga/.vscode/extensions/redhat.java-1.37.0-linux-x64/jre/17.0.13-linux-x86_64/bin/java
5910e6fb4000-5910e714b000 rw-p 00000000 00:00 0                          [heap]
74fbf7000000-74fbf7740000 rw-p 00000000 00:00 0 
74fbf7740000-74fbfb000000 ---p 00000000 00:00 0 
74fbfba00000-74fc03ed9000 r--s 00000000 103:05 6823513                   /usr/lib/jvm/jdk-21-oracle-x64/lib/modules
74fc04000000-74fc0421a000 rw-p 00000000 00:00 0 
74fc0421a000-74fc08000000 ---p 00000000 00:00 0 
74fc08000000-74fc087bb000 rw-p 00000000 00:00 0 
74fc087bb000-74fc0c000000 ---p 00000000 00:00 0 
74fc10000000-74fc10903000 rw-p 00000000 00:00 0 
74fc10903000-74fc14000000 ---p 00000000 00:00 0 
74fc14000000-74fc14481000 rw-p 00000000 00:00 0 
74fc14481000-74fc18000000 ---p 00000000 00:00 0 
74fc1c000000-74fc1c4b4000 rw-p 00000000 00:00 0 
74fc1c4b4000-74fc20000000 ---p 00000000 00:00 0 
74fc20000000-74fc22b76000 rw-p 00000000 00:00 0 
74fc22b76000-74fc24000000 ---p 00000000 00:00 0 
74fc28000000-74fc2809b000 rw-p 00000000 00:00 0 
74fc2809b000-74fc2c000000 ---p 00000000 00:00 0 
74fc2c000000-74fc2c177000 rw-p 00000000 00:00 0 
74fc2c177000-74fc30000000 ---p 00000000 00:00 0 
74fc34000000-74fc34021000 rw-p 00000000 00:00 0 
74fc34021000-74fc38000000 ---p 00000000 00:00 0 
74fc38000000-74fc38af2000 rw-p 00000000 00:00 0 
74fc38af2000-74fc3c000000 ---p 00000000 00:00 0 
74fc40000000-74fc40021000 rw-p 00000000 00:00 0 
74fc40021000-74fc44000000 ---p 00000000 00:00 0 
74fc44000000-74fc44021000 rw-p 00000000 00:00 0 
74fc44021000-74fc48000000 ---p 00000000 00:00 0 
74fc4c000000-74fc4c021000 rw-p 00000000 00:00 0 
74fc4c021000-74fc50000000 ---p 00000000 00:00 0 
74fc50000000-74fc50021000 rw-p 00000000 00:00 0 
74fc50021000-74fc54000000 ---p 00000000 00:00 0 
74fc58000000-74fc5802e000 rw-p 00000000 00:00 0 
74fc5802e000-74fc5c000000 ---p 00000000 00:00 0 
74fc5c000000-74fc5c037000 rw-p 00000000 00:00 0 
74fc5c037000-74fc60000000 ---p 00000000 00:00 0 
74fc64000000-74fc64021000 rw-p 00000000 00:00 0 
74fc64021000-74fc68000000 ---p 00000000 00:00 0 
74fc68000000-74fc68021000 rw-p 00000000 00:00 0 
74fc68021000-74fc6c000000 ---p 00000000 00:00 0 
74fc70000000-74fc70470000 rw-p 00000000 00:00 0 
74fc70470000-74fc74000000 ---p 00000000 00:00 0 
74fc74000000-74fc74021000 rw-p 00000000 00:00 0 
74fc74021000-74fc78000000 ---p 00000000 00:00 0 
74fc7c000000-74fc7c051000 rw-p 00000000 00:00 0 
74fc7c051000-74fc80000000 ---p 00000000 00:00 0 
74fc80000000-74fc80cad000 rw-p 00000000 00:00 0 
74fc80cad000-74fc84000000 ---p 00000000 00:00 0 
74fc88000000-74fc8a42c000 rw-p 00000000 00:00 0 
74fc8a42c000-74fc8c000000 ---p 00000000 00:00 0 
74fc8c000000-74fc8c021000 rw-p 00000000 00:00 0 
74fc8c021000-74fc90000000 ---p 00000000 00:00 0 
74fc94000000-74fc94021000 rw-p 00000000 00:00 0 
74fc94021000-74fc98000000 ---p 00000000 00:00 0 
74fc98000000-74fc98021000 rw-p 00000000 00:00 0 
74fc98021000-74fc9c000000 ---p 00000000 00:00 0 
74fca0000000-74fca0021000 rw-p 00000000 00:00 0 
74fca0021000-74fca4000000 ---p 00000000 00:00 0 
74fca4000000-74fca4021000 rw-p 00000000 00:00 0 
74fca4021000-74fca8000000 ---p 00000000 00:00 0 
74fcabc00000-74fcabc04000 ---p 00000000 00:00 0 
74fcabc04000-74fcabd00000 rw-p 00000000 00:00 0 
74fcabd00000-74fcabd04000 ---p 00000000 00:00 0 
74fcabd04000-74fcabe00000 rw-p 00000000 00:00 0 
74fcabe00000-74fcabe04000 ---p 00000000 00:00 0 
74fcabe04000-74fcabf00000 rw-p 00000000 00:00 0 
74fcabf00000-74fcabf04000 ---p 00000000 00:00 0 
74fcabf04000-74fcac000000 rw-p 00000000 00:00 0 
74fcac000000-74fcac021000 rw-p 00000000 00:00 0 
74fcac021000-74fcb0004000 ---p 00000000 00:00 0 
74fcb0004000-74fcb0100000 rw-p 00000000 00:00 0 
74fcb0100000-74fcb0104000 ---p 00000000 00:00 0 
74fcb0104000-74fcb0200000 rw-p 00000000 00:00 0 
74fcb0200000-74fcb0204000 ---p 00000000 00:00 0 
74fcb0204000-74fcb0300000 rw-p 00000000 00:00 0 
74fcb0300000-74fcb0304000 ---p 00000000 00:00 0 
74fcb0304000-74fcb0400000 rw-p 00000000 00:00 0 
74fcb0400000-74fcb0404000 ---p 00000000 00:00 0 
74fcb0404000-74fcb0500000 rw-p 00000000 00:00 0 
74fcb0500000-74fcb0504000 ---p 00000000 00:00 0 
74fcb0504000-74fcb0600000 rw-p 00000000 00:00 0 
74fcb0600000-74fcb0604000 ---p 00000000 00:00 0 
74fcb0604000-74fcb0700000 rw-p 00000000 00:00 0 
74fcb0700000-74fcb0704000 ---p 00000000 00:00 0 
74fcb0704000-74fcb0800000 rw-p 00000000 00:00 0 
74fcb0800000-74fcb0804000 ---p 00000000 00:00 0 
74fcb0804000-74fcb0900000 rw-p 00000000 00:00 0 
74fcb0900000-74fcb0904000 ---p 00000000 00:00 0 
74fcb0904000-74fcb0a00000 rw-p 00000000 00:00 0 
74fcb0a00000-74fcb0a04000 ---p 00000000 00:00 0 
74fcb0a04000-74fcb0b00000 rw-p 00000000 00:00 0 
74fcb0b00000-74fcb0b04000 ---p 00000000 00:00 0 
74fcb0b04000-74fcb0c00000 rw-p 00000000 00:00 0 
74fcb0c00000-74fcb0c04000 ---p 00000000 00:00 0 
74fcb0c04000-74fcb0d00000 rw-p 00000000 00:00 0 
74fcb0d00000-74fcb0d04000 ---p 00000000 00:00 0 
74fcb0d04000-74fcb0e00000 rw-p 00000000 00:00 0 
74fcb0e00000-74fcb0e04000 ---p 00000000 00:00 0 
74fcb0e04000-74fcb0f00000 rw-p 00000000 00:00 0 
74fcb0f00000-74fcb0f04000 ---p 00000000 00:00 0 
74fcb0f04000-74fcb1000000 rw-p 00000000 00:00 0 
74fcb1000000-74fcb1010000 r-xp 00000000 103:05 7078195                   /home/gedeon-tiga/.config/Code/User/globalStorage/redhat.java/1.37.0/config_linux/org.eclipse.equinox.launcher/org.eclipse.equinox.launcher.gtk.linux.x86_64_1.2.1200.v20240924-2302/eclipse_11905.so
74fcb1010000-74fcb1210000 ---p 00010000 103:05 7078195                   /home/gedeon-tiga/.config/Code/User/globalStorage/redhat.java/1.37.0/config_linux/org.eclipse.equinox.launcher/org.eclipse.equinox.launcher.gtk.linux.x86_64_1.2.1200.v20240924-2302/eclipse_11905.so
74fcb1210000-74fcb1211000 r--p 00010000 103:05 7078195                   /home/gedeon-tiga/.config/Code/User/globalStorage/redhat.java/1.37.0/config_linux/org.eclipse.equinox.launcher/org.eclipse.equinox.launcher.gtk.linux.x86_64_1.2.1200.v20240924-2302/eclipse_11905.so
74fcb1211000-74fcb1212000 rw-p 00011000 103:05 7078195                   /home/gedeon-tiga/.config/Code/User/globalStorage/redhat.java/1.37.0/config_linux/org.eclipse.equinox.launcher/org.eclipse.equinox.launcher.gtk.linux.x86_64_1.2.1200.v20240924-2302/eclipse_11905.so
74fcb1212000-74fcb1213000 rw-p 00000000 00:00 0 
74fcb12fc000-74fcb1300000 ---p 00000000 00:00 0 
74fcb1300000-74fcb13fc000 rw-p 00000000 00:00 0 
74fcb13fc000-74fcb1400000 ---p 00000000 00:00 0 
74fcb1400000-74fcb14fc000 rw-p 00000000 00:00 0 
74fcb14fc000-74fcb1500000 ---p 00000000 00:00 0 
74fcb1500000-74fcb15fc000 rw-p 00000000 00:00 0 
74fcb15fc000-74fcb1600000 ---p 00000000 00:00 0 
74fcb1600000-74fcb16fc000 rw-p 00000000 00:00 0 
74fcb16fc000-74fcb1700000 ---p 00000000 00:00 0 
74fcb1700000-74fcb17fc000 rw-p 00000000 00:00 0 
74fcb17fc000-74fcb17fd000 ---p 00000000 00:00 0 
74fcb17fd000-74fcb18fd000 rw-p 00000000 00:00 0 
74fcb18fd000-74fcb18fe000 ---p 00000000 00:00 0 
74fcb18fe000-74fcb19fe000 rw-p 00000000 00:00 0 
74fcb19fe000-74fcb19ff000 ---p 00000000 00:00 0 
74fcb19ff000-74fcb1aff000 rw-p 00000000 00:00 0 
74fcb1aff000-74fcb1b00000 ---p 00000000 00:00 0 
74fcb1b00000-74fcb1c00000 rw-p 00000000 00:00 0 
74fcb1c00000-74fcb1c04000 ---p 00000000 00:00 0 
74fcb1c04000-74fcb1d00000 rw-p 00000000 00:00 0 
74fcb1d00000-74fcb1d04000 ---p 00000000 00:00 0 
74fcb1d04000-74fcb1e00000 rw-p 00000000 00:00 0 
74fcb1e00000-74fcb1e04000 ---p 00000000 00:00 0 
74fcb1e04000-74fcb1f00000 rw-p 00000000 00:00 0 
74fcb1f00000-74fcb1f04000 ---p 00000000 00:00 0 
74fcb1f04000-74fcb2000000 rw-p 00000000 00:00 0 
74fcb2000000-74fcb23f0000 rw-p 00000000 00:00 0 
74fcb23f0000-74fcb2450000 rw-p 00000000 00:00 0 
74fcb2450000-74fcb2470000 rw-p 00000000 00:00 0 
74fcb2470000-74fcb24f0000 rw-p 00000000 00:00 0 
74fcb24f0000-74fcb27f0000 rw-p 00000000 00:00 0 
74fcb27f0000-74fcb28f0000 rw-p 00000000 00:00 0 
74fcb28f0000-74fcb2af0000 rw-p 00000000 00:00 0 
74fcb2af0000-74fcb2bf0000 rw-p 00000000 00:00 0 
74fcb2bf0000-74fcb2d70000 rw-p 00000000 00:00 0 
74fcb2d70000-74fcb2ef0000 rw-p 00000000 00:00 0 
74fcb2ef0000-74fcb30f0000 rw-p 00000000 00:00 0 
74fcb30f0000-74fcb31f0000 rw-p 00000000 00:00 0 
74fcb31f0000-74fcb36f0000 rw-p 00000000 00:00 0 
74fcb36f0000-74fcb37f0000 rw-p 00000000 00:00 0 
74fcb37f0000-74fcb3f70000 rw-p 00000000 00:00 0 
74fcb3f70000-74fcb3ff0000 rw-p 00000000 00:00 0 
74fcb3ff0000-74fcb4170000 rw-p 00000000 00:00 0 
74fcb4170000-74fcb41f0000 rw-p 00000000 00:00 0 
74fcb41f0000-74fcb42f0000 rw-p 00000000 00:00 0 
74fcb42f0000-74fcb43f0000 rw-p 00000000 00:00 0 
74fcb43f0000-74fcb48f0000 rw-p 00000000 00:00 0 
74fcb48f0000-74fcb49f0000 rw-p 00000000 00:00 0 
74fcb49f0000-74fcb58f0000 rw-p 00000000 00:00 0 
74fcb58f0000-74fcb59d0000 rw-p 00000000 00:00 0 
74fcb59d0000-74fcb5a00000 ---p 00000000 00:00 0 
74fcb5a00000-74fcb5ff0000 rw-p 00000000 00:00 0 
74fcb5ff0000-74fcb8036000 rw-p 00000000 00:00 0 
74fcb8036000-74fcbc004000 ---p 00000000 00:00 0 
74fcbc004000-74fcbc100000 rw-p 00000000 00:00 0 
74fcbc100000-74fcbc104000 ---p 00000000 00:00 0 
74fcbc104000-74fcbc200000 rw-p 00000000 00:00 0 
74fcbc200000-74fcbc204000 ---p 00000000 00:00 0 
74fcbc204000-74fcbc300000 rw-p 00000000 00:00 0 
74fcbc300000-74fcbc304000 ---p 00000000 00:00 0 
74fcbc304000-74fcbc400000 rw-p 00000000 00:00 0 
74fcbc400000-74fcbc966000 r--p 00000000 103:05 6693208                   /usr/lib/locale/locale-archive
74fcbc9f1000-74fcbc9f5000 ---p 00000000 00:00 0 
74fcbc9f5000-74fcbcaf1000 rw-p 00000000 00:00 0 
74fcbcaf1000-74fcbcaf5000 ---p 00000000 00:00 0 
74fcbcaf5000-74fcbcbf1000 rw-p 00000000 00:00 0 
74fcbcbf1000-74fcbcbf5000 ---p 00000000 00:00 0 
74fcbcbf5000-74fcbccf1000 rw-p 00000000 00:00 0 
74fcbccf1000-74fcbccf2000 ---p 00000000 00:00 0 
74fcbccf2000-74fcbcdf2000 rw-p 00000000 00:00 0 
74fcbcdf2000-74fcbde62000 rw-p 00000000 00:00 0 
74fcbde62000-74fcbdf55000 ---p 00000000 00:00 0 
74fcbdf55000-74fcbdf93000 rw-p 00000000 00:00 0 
74fcbdf93000-74fcbe000000 ---p 00000000 00:00 0 
74fcbe000000-74fcbe001000 rw-p 00000000 00:00 0 
74fcbe059000-74fcbe07e000 r--p 00000000 103:05 6982377                   /usr/share/locale-langpack/fr/LC_MESSAGES/libc.mo
74fcbe07e000-74fcbe200000 rw-p 00000000 00:00 0 
74fcbe200000-74fcbfaa0000 rwxp 00000000 00:00 0 
74fcbfaa0000-74fcc5737000 ---p 00000000 00:00 0 
74fcc5737000-74fcc59a7000 rwxp 00000000 00:00 0 
74fcc59a7000-74fcc5cc8000 ---p 00000000 00:00 0 
74fcc5cc8000-74fcc6338000 rwxp 00000000 00:00 0 
74fcc6338000-74fccd200000 ---p 00000000 00:00 0 
74fccd200000-74fccfe38000 r--s 00000000 103:05 5543599                   /home/gedeon-tiga/.vscode/extensions/redhat.java-1.37.0-linux-x64/jre/17.0.13-linux-x86_64/lib/modules
74fccfe4f000-74fccff0c000 rw-p 00000000 00:00 0 
74fccff0c000-74fcd0000000 ---p 00000000 00:00 0 
74fcd0000000-74fcd061e000 rw-p 00000000 00:00 0 
74fcd061e000-74fcd4000000 ---p 00000000 00:00 0 
74fcd4001000-74fcd4005000 r--p 00000000 103:05 5543597                   /home/gedeon-tiga/.vscode/extensions/redhat.java-1.37.0-linux-x64/jre/17.0.13-linux-x86_64/lib/libverify.so
74fcd4005000-74fcd400c000 r-xp 00004000 103:05 5543597                   /home/gedeon-tiga/.vscode/extensions/redhat.java-1.37.0-linux-x64/jre/17.0.13-linux-x86_64/lib/libverify.so
74fcd400c000-74fcd400e000 r--p 0000b000 103:05 5543597                   /home/gedeon-tiga/.vscode/extensions/redhat.java-1.37.0-linux-x64/jre/17.0.13-linux-x86_64/lib/libverify.so
74fcd400e000-74fcd4010000 r--p 0000c000 103:05 5543597                   /home/gedeon-tiga/.vscode/extensions/redhat.java-1.37.0-linux-x64/jre/17.0.13-linux-x86_64/lib/libverify.so
74fcd4010000-74fcd4011000 rw-p 0000e000 103:05 5543597                   /home/gedeon-tiga/.vscode/extensions/redhat.java-1.37.0-linux-x64/jre/17.0.13-linux-x86_64/lib/libverify.so
74fcd4011000-74fcd4015000 r--p 00000000 103:05 5543590                   /home/gedeon-tiga/.vscode/extensions/redhat.java-1.37.0-linux-x64/jre/17.0.13-linux-x86_64/lib/libnet.so
74fcd4015000-74fcd4023000 r-xp 00004000 103:05 5543590                   /home/gedeon-tiga/.vscode/extensions/redhat.java-1.37.0-linux-x64/jre/17.0.13-linux-x86_64/lib/libnet.so
74fcd4023000-74fcd4027000 r--p 00012000 103:05 5543590                   /home/gedeon-tiga/.vscode/extensions/redhat.java-1.37.0-linux-x64/jre/17.0.13-linux-x86_64/lib/libnet.so
74fcd4027000-74fcd4028000 r--p 00015000 103:05 5543590                   /home/gedeon-tiga/.vscode/extensions/redhat.java-1.37.0-linux-x64/jre/17.0.13-linux-x86_64/lib/libnet.so
74fcd4028000-74fcd4029000 rw-p 00016000 103:05 5543590                   /home/gedeon-tiga/.vscode/extensions/redhat.java-1.37.0-linux-x64/jre/17.0.13-linux-x86_64/lib/libnet.so
74fcd4029000-74fcd402a000 ---p 00000000 00:00 0 
74fcd402a000-74fcd412a000 rw-p 00000000 00:00 0 
74fcd412a000-74fcd4137000 rw-p 00000000 00:00 0 
74fcd4137000-74fcd4215000 ---p 00000000 00:00 0 
74fcd4215000-74fcd4247000 rw-p 00000000 00:00 0 
74fcd4247000-74fcd4300000 ---p 00000000 00:00 0 
74fcd4300000-74fcd4304000 ---p 00000000 00:00 0 
74fcd4304000-74fcd4400000 rw-p 00000000 00:00 0 
74fcd4400000-74fcd4653000 r--p 00000000 103:05 5543609                   /home/gedeon-tiga/.vscode/extensions/redhat.java-1.37.0-linux-x64/jre/17.0.13-linux-x86_64/lib/server/libjvm.so
74fcd4653000-74fcd537b000 r-xp 00253000 103:05 5543609                   /home/gedeon-tiga/.vscode/extensions/redhat.java-1.37.0-linux-x64/jre/17.0.13-linux-x86_64/lib/server/libjvm.so
74fcd537b000-74fcd5608000 r--p 00f7b000 103:05 5543609                   /home/gedeon-tiga/.vscode/extensions/redhat.java-1.37.0-linux-x64/jre/17.0.13-linux-x86_64/lib/server/libjvm.so
74fcd5608000-74fcd5609000 ---p 01208000 103:05 5543609                   /home/gedeon-tiga/.vscode/extensions/redhat.java-1.37.0-linux-x64/jre/17.0.13-linux-x86_64/lib/server/libjvm.so
74fcd5609000-74fcd56c2000 r--p 01208000 103:05 5543609                   /home/gedeon-tiga/.vscode/extensions/redhat.java-1.37.0-linux-x64/jre/17.0.13-linux-x86_64/lib/server/libjvm.so
74fcd56c2000-74fcd56f7000 rw-p 012c1000 103:05 5543609                   /home/gedeon-tiga/.vscode/extensions/redhat.java-1.37.0-linux-x64/jre/17.0.13-linux-x86_64/lib/server/libjvm.so
74fcd56f7000-74fcd5752000 rw-p 00000000 00:00 0 
74fcd5759000-74fcd5760000 r--s 00000000 103:05 6687207                   /usr/lib/x86_64-linux-gnu/gconv/gconv-modules.cache
74fcd5760000-74fcd5767000 r--p 00000000 103:05 5543591                   /home/gedeon-tiga/.vscode/extensions/redhat.java-1.37.0-linux-x64/jre/17.0.13-linux-x86_64/lib/libnio.so
74fcd5767000-74fcd5770000 r-xp 00007000 103:05 5543591                   /home/gedeon-tiga/.vscode/extensions/redhat.java-1.37.0-linux-x64/jre/17.0.13-linux-x86_64/lib/libnio.so
74fcd5770000-74fcd5774000 r--p 00010000 103:05 5543591                   /home/gedeon-tiga/.vscode/extensions/redhat.java-1.37.0-linux-x64/jre/17.0.13-linux-x86_64/lib/libnio.so
74fcd5774000-74fcd5775000 ---p 00014000 103:05 5543591                   /home/gedeon-tiga/.vscode/extensions/redhat.java-1.37.0-linux-x64/jre/17.0.13-linux-x86_64/lib/libnio.so
74fcd5775000-74fcd5776000 r--p 00014000 103:05 5543591                   /home/gedeon-tiga/.vscode/extensions/redhat.java-1.37.0-linux-x64/jre/17.0.13-linux-x86_64/lib/libnio.so
74fcd5776000-74fcd5777000 rw-p 00015000 103:05 5543591                   /home/gedeon-tiga/.vscode/extensions/redhat.java-1.37.0-linux-x64/jre/17.0.13-linux-x86_64/lib/libnio.so
74fcd5777000-74fcd5779000 r--p 00000000 103:05 5543598                   /home/gedeon-tiga/.vscode/extensions/redhat.java-1.37.0-linux-x64/jre/17.0.13-linux-x86_64/lib/libzip.so
74fcd5779000-74fcd578b000 r-xp 00002000 103:05 5543598                   /home/gedeon-tiga/.vscode/extensions/redhat.java-1.37.0-linux-x64/jre/17.0.13-linux-x86_64/lib/libzip.so
74fcd578b000-74fcd5793000 r--p 00014000 103:05 5543598                   /home/gedeon-tiga/.vscode/extensions/redhat.java-1.37.0-linux-x64/jre/17.0.13-linux-x86_64/lib/libzip.so
74fcd5793000-74fcd5794000 r--p 0001b000 103:05 5543598                   /home/gedeon-tiga/.vscode/extensions/redhat.java-1.37.0-linux-x64/jre/17.0.13-linux-x86_64/lib/libzip.so
74fcd5794000-74fcd5795000 rw-p 0001c000 103:05 5543598                   /home/gedeon-tiga/.vscode/extensions/redhat.java-1.37.0-linux-x64/jre/17.0.13-linux-x86_64/lib/libzip.so
74fcd5795000-74fcd57d6000 rw-p 00000000 00:00 0 
74fcd57d6000-74fcd57e4000 r--p 00000000 103:05 5543577                   /home/gedeon-tiga/.vscode/extensions/redhat.java-1.37.0-linux-x64/jre/17.0.13-linux-x86_64/lib/libjava.so
74fcd57e4000-74fcd57f6000 r-xp 0000e000 103:05 5543577                   /home/gedeon-tiga/.vscode/extensions/redhat.java-1.37.0-linux-x64/jre/17.0.13-linux-x86_64/lib/libjava.so
74fcd57f6000-74fcd57fc000 r--p 00020000 103:05 5543577                   /home/gedeon-tiga/.vscode/extensions/redhat.java-1.37.0-linux-x64/jre/17.0.13-linux-x86_64/lib/libjava.so
74fcd57fc000-74fcd57fd000 ---p 00026000 103:05 5543577                   /home/gedeon-tiga/.vscode/extensions/redhat.java-1.37.0-linux-x64/jre/17.0.13-linux-x86_64/lib/libjava.so
74fcd57fd000-74fcd57fe000 r--p 00026000 103:05 5543577                   /home/gedeon-tiga/.vscode/extensions/redhat.java-1.37.0-linux-x64/jre/17.0.13-linux-x86_64/lib/libjava.so
74fcd57fe000-74fcd57ff000 rw-p 00027000 103:05 5543577                   /home/gedeon-tiga/.vscode/extensions/redhat.java-1.37.0-linux-x64/jre/17.0.13-linux-x86_64/lib/libjava.so
74fcd57ff000-74fcd5800000 rw-p 00000000 00:00 0 
74fcd5800000-74fcd5828000 r--p 00000000 103:05 6687233                   /usr/lib/x86_64-linux-gnu/libc.so.6
74fcd5828000-74fcd59b0000 r-xp 00028000 103:05 6687233                   /usr/lib/x86_64-linux-gnu/libc.so.6
74fcd59b0000-74fcd59ff000 r--p 001b0000 103:05 6687233                   /usr/lib/x86_64-linux-gnu/libc.so.6
74fcd59ff000-74fcd5a03000 r--p 001fe000 103:05 6687233                   /usr/lib/x86_64-linux-gnu/libc.so.6
74fcd5a03000-74fcd5a05000 rw-p 00202000 103:05 6687233                   /usr/lib/x86_64-linux-gnu/libc.so.6
74fcd5a05000-74fcd5a12000 rw-p 00000000 00:00 0 
74fcd5a12000-74fcd5a2b000 rw-p 00000000 00:00 0 
74fcd5a2b000-74fcd5a32000 ---p 00000000 00:00 0 
74fcd5a32000-74fcd5a3a000 rw-s 00000000 103:05 8041359                   /tmp/hsperfdata_gedeon-tiga/5638
74fcd5a3a000-74fcd5a3e000 r--p 00000000 103:05 5543581                   /home/gedeon-tiga/.vscode/extensions/redhat.java-1.37.0-linux-x64/jre/17.0.13-linux-x86_64/lib/libjimage.so
74fcd5a3e000-74fcd5a51000 r-xp 00004000 103:05 5543581                   /home/gedeon-tiga/.vscode/extensions/redhat.java-1.37.0-linux-x64/jre/17.0.13-linux-x86_64/lib/libjimage.so
74fcd5a51000-74fcd5a57000 r--p 00017000 103:05 5543581                   /home/gedeon-tiga/.vscode/extensions/redhat.java-1.37.0-linux-x64/jre/17.0.13-linux-x86_64/lib/libjimage.so
74fcd5a57000-74fcd5a59000 r--p 0001c000 103:05 5543581                   /home/gedeon-tiga/.vscode/extensions/redhat.java-1.37.0-linux-x64/jre/17.0.13-linux-x86_64/lib/libjimage.so
74fcd5a59000-74fcd5a5a000 rw-p 0001e000 103:05 5543581                   /home/gedeon-tiga/.vscode/extensions/redhat.java-1.37.0-linux-x64/jre/17.0.13-linux-x86_64/lib/libjimage.so
74fcd5a5a000-74fcd5a6a000 r--p 00000000 103:05 6687236                   /usr/lib/x86_64-linux-gnu/libm.so.6
74fcd5a6a000-74fcd5ae9000 r-xp 00010000 103:05 6687236                   /usr/lib/x86_64-linux-gnu/libm.so.6
74fcd5ae9000-74fcd5b41000 r--p 0008f000 103:05 6687236                   /usr/lib/x86_64-linux-gnu/libm.so.6
74fcd5b41000-74fcd5b42000 r--p 000e7000 103:05 6687236                   /usr/lib/x86_64-linux-gnu/libm.so.6
74fcd5b42000-74fcd5b43000 rw-p 000e8000 103:05 6687236                   /usr/lib/x86_64-linux-gnu/libm.so.6
74fcd5b43000-74fcd5b44000 r--p 00000000 103:05 6687248                   /usr/lib/x86_64-linux-gnu/librt.so.1
74fcd5b44000-74fcd5b45000 r-xp 00001000 103:05 6687248                   /usr/lib/x86_64-linux-gnu/librt.so.1
74fcd5b45000-74fcd5b46000 r--p 00002000 103:05 6687248                   /usr/lib/x86_64-linux-gnu/librt.so.1
74fcd5b46000-74fcd5b47000 r--p 00002000 103:05 6687248                   /usr/lib/x86_64-linux-gnu/librt.so.1
74fcd5b47000-74fcd5b48000 rw-p 00003000 103:05 6687248                   /usr/lib/x86_64-linux-gnu/librt.so.1
74fcd5b48000-74fcd5b4a000 rw-p 00000000 00:00 0 
74fcd5b4a000-74fcd5b4b000 r--p 00000000 103:05 6687235                   /usr/lib/x86_64-linux-gnu/libdl.so.2
74fcd5b4b000-74fcd5b4c000 r-xp 00001000 103:05 6687235                   /usr/lib/x86_64-linux-gnu/libdl.so.2
74fcd5b4c000-74fcd5b4d000 r--p 00002000 103:05 6687235                   /usr/lib/x86_64-linux-gnu/libdl.so.2
74fcd5b4d000-74fcd5b4e000 r--p 00002000 103:05 6687235                   /usr/lib/x86_64-linux-gnu/libdl.so.2
74fcd5b4e000-74fcd5b4f000 rw-p 00003000 103:05 6687235                   /usr/lib/x86_64-linux-gnu/libdl.so.2
74fcd5b4f000-74fcd5b50000 r--p 00000000 103:05 6687245                   /usr/lib/x86_64-linux-gnu/libpthread.so.0
74fcd5b50000-74fcd5b51000 r-xp 00001000 103:05 6687245                   /usr/lib/x86_64-linux-gnu/libpthread.so.0
74fcd5b51000-74fcd5b52000 r--p 00002000 103:05 6687245                   /usr/lib/x86_64-linux-gnu/libpthread.so.0
74fcd5b52000-74fcd5b53000 r--p 00002000 103:05 6687245                   /usr/lib/x86_64-linux-gnu/libpthread.so.0
74fcd5b53000-74fcd5b54000 rw-p 00003000 103:05 6687245                   /usr/lib/x86_64-linux-gnu/libpthread.so.0
74fcd5b58000-74fcd5b5a000 r--p 00000000 103:05 5543572                   /home/gedeon-tiga/.vscode/extensions/redhat.java-1.37.0-linux-x64/jre/17.0.13-linux-x86_64/lib/libinstrument.so
74fcd5b5a000-74fcd5b60000 r-xp 00002000 103:05 5543572                   /home/gedeon-tiga/.vscode/extensions/redhat.java-1.37.0-linux-x64/jre/17.0.13-linux-x86_64/lib/libinstrument.so
74fcd5b60000-74fcd5b63000 r--p 00008000 103:05 5543572                   /home/gedeon-tiga/.vscode/extensions/redhat.java-1.37.0-linux-x64/jre/17.0.13-linux-x86_64/lib/libinstrument.so
74fcd5b63000-74fcd5b64000 r--p 0000a000 103:05 5543572                   /home/gedeon-tiga/.vscode/extensions/redhat.java-1.37.0-linux-x64/jre/17.0.13-linux-x86_64/lib/libinstrument.so
74fcd5b64000-74fcd5b65000 rw-p 0000b000 103:05 5543572                   /home/gedeon-tiga/.vscode/extensions/redhat.java-1.37.0-linux-x64/jre/17.0.13-linux-x86_64/lib/libinstrument.so
74fcd5b65000-74fcd5b66000 ---p 00000000 00:00 0 
74fcd5b66000-74fcd5b67000 r--p 00000000 00:00 0 
74fcd5b67000-74fcd5b68000 ---p 00000000 00:00 0 
74fcd5b68000-74fcd5b6b000 r--p 00000000 103:05 5543582                   /home/gedeon-tiga/.vscode/extensions/redhat.java-1.37.0-linux-x64/jre/17.0.13-linux-x86_64/lib/libjli.so
74fcd5b6b000-74fcd5b7b000 r-xp 00003000 103:05 5543582                   /home/gedeon-tiga/.vscode/extensions/redhat.java-1.37.0-linux-x64/jre/17.0.13-linux-x86_64/lib/libjli.so
74fcd5b7b000-74fcd5b82000 r--p 00013000 103:05 5543582                   /home/gedeon-tiga/.vscode/extensions/redhat.java-1.37.0-linux-x64/jre/17.0.13-linux-x86_64/lib/libjli.so
74fcd5b82000-74fcd5b83000 r--p 00019000 103:05 5543582                   /home/gedeon-tiga/.vscode/extensions/redhat.java-1.37.0-linux-x64/jre/17.0.13-linux-x86_64/lib/libjli.so
74fcd5b83000-74fcd5b84000 rw-p 0001a000 103:05 5543582                   /home/gedeon-tiga/.vscode/extensions/redhat.java-1.37.0-linux-x64/jre/17.0.13-linux-x86_64/lib/libjli.so
74fcd5b84000-74fcd5b86000 rw-p 00000000 00:00 0 
74fcd5b86000-74fcd5b87000 r--p 00000000 103:05 6687230                   /usr/lib/x86_64-linux-gnu/ld-linux-x86-64.so.2
74fcd5b87000-74fcd5bb2000 r-xp 00001000 103:05 6687230                   /usr/lib/x86_64-linux-gnu/ld-linux-x86-64.so.2
74fcd5bb2000-74fcd5bbc000 r--p 0002c000 103:05 6687230                   /usr/lib/x86_64-linux-gnu/ld-linux-x86-64.so.2
74fcd5bbc000-74fcd5bbe000 r--p 00036000 103:05 6687230                   /usr/lib/x86_64-linux-gnu/ld-linux-x86-64.so.2
74fcd5bbe000-74fcd5bc0000 rw-p 00038000 103:05 6687230                   /usr/lib/x86_64-linux-gnu/ld-linux-x86-64.so.2
7ffcf6a95000-7ffcf6ab7000 rw-p 00000000 00:00 0                          [stack]
7ffcf6ad0000-7ffcf6ad4000 r--p 00000000 00:00 0                          [vvar]
7ffcf6ad4000-7ffcf6ad6000 r-xp 00000000 00:00 0                          [vdso]
ffffffffff600000-ffffffffff601000 --xp 00000000 00:00 0                  [vsyscall]


VM Arguments:
jvm_args: --add-modules=ALL-SYSTEM --add-opens=java.base/java.util=ALL-UNNAMED --add-opens=java.base/java.lang=ALL-UNNAMED --add-opens=java.base/sun.nio.fs=ALL-UNNAMED -Declipse.application=org.eclipse.jdt.ls.core.id1 -Dosgi.bundles.defaultStartLevel=4 -Declipse.product=org.eclipse.jdt.ls.core.product -Djava.import.generatesMetadataFilesAtProjectRoot=false -DDetectVMInstallationsJob.disabled=true -Dfile.encoding=utf8 -XX:+UseParallelGC -XX:GCTimeRatio=4 -XX:AdaptiveSizePolicyWeight=90 -Dsun.zip.disableMemoryMapping=true -Xmx1G -Xms100m -Xlog:disable -javaagent:/home/gedeon-tiga/.vscode/extensions/redhat.java-1.37.0-linux-x64/lombok/lombok-1.18.34.jar -XX:+HeapDumpOnOutOfMemoryError -XX:HeapDumpPath=/home/gedeon-tiga/.config/Code/User/workspaceStorage/0859c5524a019be9464bc1f04bf7847b/redhat.java -Daether.dependencyCollector.impl=bf 
java_command: /home/gedeon-tiga/.vscode/extensions/redhat.java-1.37.0-linux-x64/server/plugins/org.eclipse.equinox.launcher_1.6.900.v20240613-2009.jar -configuration /home/gedeon-tiga/.config/Code/User/globalStorage/redhat.java/1.37.0/config_linux -data /home/gedeon-tiga/.config/Code/User/workspaceStorage/0859c5524a019be9464bc1f04bf7847b/redhat.java/jdt_ws --pipe=/run/user/1000/lsp-e5c39c6b6b07d25562fb74ac895385d1.sock
java_class_path (initial): /home/gedeon-tiga/.vscode/extensions/redhat.java-1.37.0-linux-x64/server/plugins/org.eclipse.equinox.launcher_1.6.900.v20240613-2009.jar
Launcher Type: SUN_STANDARD

[Global flags]
    uintx AdaptiveSizePolicyWeight                 = 90                                        {product} {command line}
     intx CICompilerCount                          = 3                                         {product} {ergonomic}
    uintx GCTimeRatio                              = 4                                         {product} {command line}
     bool HeapDumpOnOutOfMemoryError               = true                                   {manageable} {command line}
    ccstr HeapDumpPath                             = /home/gedeon-tiga/.config/Code/User/workspaceStorage/0859c5524a019be9464bc1f04bf7847b/redhat.java         {manageable} {command line}
   size_t InitialHeapSize                          = 104857600                                 {product} {command line}
   size_t MaxHeapSize                              = 1073741824                                {product} {command line}
   size_t MaxNewSize                               = 357564416                                 {product} {ergonomic}
   size_t MinHeapDeltaBytes                        = 524288                                    {product} {ergonomic}
   size_t MinHeapSize                              = 104857600                                 {product} {command line}
   size_t NewSize                                  = 34603008                                  {product} {ergonomic}
    uintx NonNMethodCodeHeapSize                   = 5832780                                {pd product} {ergonomic}
    uintx NonProfiledCodeHeapSize                  = 122912730                              {pd product} {ergonomic}
   size_t OldSize                                  = 70254592                                  {product} {ergonomic}
    uintx ProfiledCodeHeapSize                     = 122912730                              {pd product} {ergonomic}
    uintx ReservedCodeCacheSize                    = 251658240                              {pd product} {ergonomic}
     bool SegmentedCodeCache                       = true                                      {product} {ergonomic}
   size_t SoftMaxHeapSize                          = 1073741824                             {manageable} {ergonomic}
     bool UseCompressedClassPointers               = true                           {product lp64_product} {ergonomic}
     bool UseCompressedOops                        = true                           {product lp64_product} {ergonomic}
     bool UseParallelGC                            = true                                      {product} {command line}

Logging:
Log output configuration:
 #0: stdout all=off uptime,level,tags
 #1: stderr all=off uptime,level,tags

Environment Variables:
PATH=/home/gedeon-tiga/bin:/home/gedeon-tiga/Android/Sdk/cmdline-tools/latest/bin:/home/gedeon-tiga/Android/Sdk/platform-tools:/home/gedeon-tiga/.nvm/versions/node/v20.17.0/bin:/home/gedeon-tiga/bin:/usr/local/sbin:/usr/local/bin:/usr/sbin:/usr/bin:/sbin:/bin:/usr/games:/usr/local/games:/snap/bin:/snap/bin:/opt/gradle/gradle-8.10.2/bin
USERNAME=gedeon-tiga
SHELL=/bin/bash
DISPLAY=:0
LANG=fr_FR.UTF-8

Active Locale:
LC_ALL=fr_FR.UTF-8
LC_COLLATE=fr_FR.UTF-8
LC_CTYPE=fr_FR.UTF-8
LC_MESSAGES=fr_FR.UTF-8
LC_MONETARY=fr_FR.UTF-8
LC_NUMERIC=fr_FR.UTF-8
LC_TIME=fr_FR.UTF-8

Signal Handlers:
   SIGSEGV: crash_handler in libjvm.so, mask=11100100010111111101111111111110, flags=SA_RESTART|SA_SIGINFO, unblocked
    SIGBUS: crash_handler in libjvm.so, mask=11100100010111111101111111111110, flags=SA_RESTART|SA_SIGINFO, unblocked
    SIGFPE: crash_handler in libjvm.so, mask=11100100010111111101111111111110, flags=SA_RESTART|SA_SIGINFO, unblocked
   SIGPIPE: javaSignalHandler in libjvm.so, mask=11100100010111111101111111111110, flags=SA_RESTART|SA_SIGINFO, blocked
   SIGXFSZ: javaSignalHandler in libjvm.so, mask=11100100010111111101111111111110, flags=SA_RESTART|SA_SIGINFO, blocked
    SIGILL: crash_handler in libjvm.so, mask=11100100010111111101111111111110, flags=SA_RESTART|SA_SIGINFO, unblocked
   SIGUSR2: SR_handler in libjvm.so, mask=00000000000000000000000000000000, flags=SA_RESTART|SA_SIGINFO, blocked
    SIGHUP: UserHandler in libjvm.so, mask=11100100010111111101111111111110, flags=SA_RESTART|SA_SIGINFO, blocked
    SIGINT: UserHandler in libjvm.so, mask=11100100010111111101111111111110, flags=SA_RESTART|SA_SIGINFO, blocked
   SIGTERM: UserHandler in libjvm.so, mask=11100100010111111101111111111110, flags=SA_RESTART|SA_SIGINFO, blocked
   SIGQUIT: UserHandler in libjvm.so, mask=11100100010111111101111111111110, flags=SA_RESTART|SA_SIGINFO, blocked
   SIGTRAP: crash_handler in libjvm.so, mask=11100100010111111101111111111110, flags=SA_RESTART|SA_SIGINFO, unblocked


Periodic native trim disabled


---------------  S Y S T E M  ---------------

OS:
DISTRIB_ID=Ubuntu
DISTRIB_RELEASE=24.04
DISTRIB_CODENAME=noble
DISTRIB_DESCRIPTION="Ubuntu 24.04.1 LTS"
uname: Linux 6.8.0-49-generic #49-Ubuntu SMP PREEMPT_DYNAMIC Mon Nov  4 02:06:24 UTC 2024 x86_64
OS uptime: 0 days 0:01 hours
libc: glibc 2.39 NPTL 2.39 
rlimit (soft/hard): STACK 8192k/infinity , CORE 0k/infinity , NPROC 30910/30910 , NOFILE 1048576/1048576 , AS infinity/infinity , CPU infinity/infinity , DATA infinity/infinity , FSIZE infinity/infinity , MEMLOCK 998040k/998040k
load average: 9,87 3,29 1,17

/proc/meminfo:
MemTotal:        7984320 kB
MemFree:         1222008 kB
MemAvailable:    3463540 kB
Buffers:          216272 kB
Cached:          2587680 kB
SwapCached:            0 kB
Active:          4764624 kB
Inactive:        1015376 kB
Active(anon):    3388004 kB
Inactive(anon):        0 kB
Active(file):    1376620 kB
Inactive(file):  1015376 kB
Unevictable:      353676 kB
Mlocked:              64 kB
SwapTotal:       4194300 kB
SwapFree:        4194300 kB
Zswap:                 0 kB
Zswapped:              0 kB
Dirty:              1368 kB
Writeback:             0 kB
AnonPages:       3329880 kB
Mapped:           772588 kB
Shmem:            412168 kB
KReclaimable:     165516 kB
Slab:             350692 kB
SReclaimable:     165516 kB
SUnreclaim:       185176 kB
KernelStack:       17840 kB
PageTables:        46416 kB
SecPageTables:         0 kB
NFS_Unstable:          0 kB
Bounce:                0 kB
WritebackTmp:          0 kB
CommitLimit:     8186460 kB
Committed_AS:   14282296 kB
VmallocTotal:   34359738367 kB
VmallocUsed:       54704 kB
VmallocChunk:          0 kB
Percpu:             4176 kB
HardwareCorrupted:     0 kB
AnonHugePages:         0 kB
ShmemHugePages:        0 kB
ShmemPmdMapped:        0 kB
FileHugePages:         0 kB
FilePmdMapped:         0 kB
Unaccepted:            0 kB
HugePages_Total:       0
HugePages_Free:        0
HugePages_Rsvd:        0
HugePages_Surp:        0
Hugepagesize:       2048 kB
Hugetlb:               0 kB
DirectMap4k:      204668 kB
DirectMap2M:     4890624 kB
DirectMap1G:     3145728 kB

/sys/kernel/mm/transparent_hugepage/enabled: always [madvise] never
/sys/kernel/mm/transparent_hugepage/hpage_pmd_size: 2097152
/sys/kernel/mm/transparent_hugepage/defrag (defrag/compaction efforts parameter): always defer defer+madvise [madvise] never

Process Memory:
Virtual Size: 4821432K (peak: 4834744K)
Resident Set Size: 598360K (peak: 599168K) (anon: 563672K, file: 34688K, shmem: 0K)
Swapped out: 0K
C-Heap outstanding allocations: 110428K, retained: 53743K
glibc malloc tunables: (default)

/proc/sys/kernel/threads-max (system-wide limit on the number of threads): 61821
/proc/sys/vm/max_map_count (maximum number of memory map areas a process may have): 1048576
/proc/sys/vm/swappiness (control to define how aggressively the kernel swaps out anonymous memory): 60
/proc/sys/kernel/pid_max (system-wide limit on number of process identifiers): 4194304

container (cgroup) information:
container_type: cgroupv2
cpu_cpuset_cpus: not supported
cpu_memory_nodes: not supported
active_processor_count: 4
cpu_quota: not supported
cpu_period: not supported
cpu_shares: not supported
memory_limit_in_bytes: unlimited
memory_and_swap_limit_in_bytes: unlimited
memory_soft_limit_in_bytes: unlimited
memory_usage_in_bytes: 3954572 k
memory_max_usage_in_bytes: not supported
memory_swap_current_in_bytes: unlimited
memory_swap_max_limit_in_bytes: unlimited
maximum number of tasks: 9273
current number of tasks: 433

Steal ticks since vm start: 0
Steal ticks percentage since vm start:  0,000

CPU: total 4 (initial active 4) (2 cores per cpu, 2 threads per core) family 6 model 78 stepping 3 microcode 0xf0, cx8, cmov, fxsr, ht, mmx, 3dnowpref, sse, sse2, sse3, ssse3, sse4.1, sse4.2, popcnt, lzcnt, tsc, tscinvbit, avx, avx2, aes, erms, clmul, bmi1, bmi2, adx, fma, vzeroupper, clflush, clflushopt
CPU Model and flags from /proc/cpuinfo:
model name	: Intel(R) Core(TM) i7-6600U CPU @ 2.60GHz
flags		: fpu vme de pse tsc msr pae mce cx8 apic sep mtrr pge mca cmov pat pse36 clflush dts acpi mmx fxsr sse sse2 ss ht tm pbe syscall nx pdpe1gb rdtscp lm constant_tsc art arch_perfmon pebs bts rep_good nopl xtopology nonstop_tsc cpuid aperfmperf pni pclmulqdq dtes64 monitor ds_cpl vmx smx est tm2 ssse3 sdbg fma cx16 xtpr pdcm pcid sse4_1 sse4_2 x2apic movbe popcnt tsc_deadline_timer aes xsave avx f16c rdrand lahf_lm abm 3dnowprefetch cpuid_fault epb pti ssbd ibrs ibpb stibp tpr_shadow flexpriority ept vpid ept_ad fsgsbase tsc_adjust bmi1 avx2 smep bmi2 erms invpcid mpx rdseed adx smap clflushopt intel_pt xsaveopt xsavec xgetbv1 xsaves dtherm ida arat pln pts hwp hwp_notify hwp_act_window hwp_epp vnmi md_clear flush_l1d arch_capabilities

Online cpus: 0-3
Offline cpus: 
BIOS frequency limitation: <Not Available>
Frequency switch latency (ns): 0
Available cpu frequencies: <Not Available>
Current governor: powersave
Core performance/turbo boost: <Not Available>

Memory: 4k page, physical 7984320k(1222008k free), swap 4194300k(4194300k free)
Page Sizes: 4k

vm_info: OpenJDK 64-Bit Server VM (17.0.13+11) for linux-amd64 JRE (17.0.13+11), built on Oct 15 2024 00:00:00 by "admin" with gcc 10.3.0

END.
